Component: Arm Compiler for Embedded 6.22 Tool: armlink [5ee90200]

==============================================================================

Section Cross References

    startup_stm32f334x8.o(RESET) refers to startup_stm32f334x8.o(STACK) for __initial_sp
    startup_stm32f334x8.o(RESET) refers to startup_stm32f334x8.o(.text) for Reset_Handler
    startup_stm32f334x8.o(RESET) refers to stm32f3xx_it.o(.text.NMI_Handler) for NMI_Handler
    startup_stm32f334x8.o(RESET) refers to stm32f3xx_it.o(.text.HardFault_Handler) for HardFault_Handler
    startup_stm32f334x8.o(RESET) refers to stm32f3xx_it.o(.text.MemManage_Handler) for MemManage_Handler
    startup_stm32f334x8.o(RESET) refers to stm32f3xx_it.o(.text.BusFault_Handler) for BusFault_Handler
    startup_stm32f334x8.o(RESET) refers to stm32f3xx_it.o(.text.UsageFault_Handler) for UsageFault_Handler
    startup_stm32f334x8.o(RESET) refers to stm32f3xx_it.o(.text.SVC_Handler) for SVC_Handler
    startup_stm32f334x8.o(RESET) refers to stm32f3xx_it.o(.text.DebugMon_Handler) for DebugMon_Handler
    startup_stm32f334x8.o(RESET) refers to stm32f3xx_it.o(.text.PendSV_Handler) for PendSV_Handler
    startup_stm32f334x8.o(RESET) refers to stm32f3xx_it.o(.text.SysTick_Handler) for SysTick_Handler
    startup_stm32f334x8.o(RESET) refers to stm32f3xx_it.o(.text.USART3_IRQHandler) for USART3_IRQHandler
    startup_stm32f334x8.o(RESET) refers to tim_reg.o(.text.TIM6_DAC1_IRQHandler) for TIM6_DAC1_IRQHandler
    startup_stm32f334x8.o(RESET) refers to tim_reg.o(.text.TIM7_DAC2_IRQHandler) for TIM7_DAC2_IRQHandler
    startup_stm32f334x8.o(.text) refers to system_stm32f3xx.o(.text.SystemInit) for SystemInit
    startup_stm32f334x8.o(.text) refers to entry.o(.ARM.Collect$$$$00000000) for __main
    main.o(.text.main) refers to stm32f3xx_hal.o(.text.HAL_Init) for HAL_Init
    main.o(.text.main) refers to stm32f3xx_hal_rcc.o(.text.HAL_RCC_OscConfig) for HAL_RCC_OscConfig
    main.o(.text.main) refers to stm32f3xx_hal_rcc.o(.text.HAL_RCC_ClockConfig) for HAL_RCC_ClockConfig
    main.o(.text.main) refers to gpio.o(.text.MX_GPIO_Init) for MX_GPIO_Init
    main.o(.text.main) refers to usart.o(.text.MX_USART3_UART_Init) for MX_USART3_UART_Init
    main.o(.text.main) refers to usart.o(.bss.huart3) for huart3
    main.o(.text.main) refers to usart.o(.bss..L_MergedGlobals) for rx_byte
    main.o(.text.main) refers to stm32f3xx_hal_uart.o(.text.HAL_UART_Receive_IT) for HAL_UART_Receive_IT
    main.o(.text.main) refers to adc_reg.o(.text.ADC1_DMA_Init) for ADC1_DMA_Init
    main.o(.text.main) refers to adc_reg.o(.text.ADC2_DMA_Init) for ADC2_DMA_Init
    main.o(.text.main) refers to buckboost.o(.text.dr_pwm_init) for dr_pwm_init
    main.o(.text.main) refers to buckboost.o(.text.buckboost_init) for buckboost_init
    main.o(.text.main) refers to reg_i2c.o(.text.I2C1_Init) for I2C1_Init
    main.o(.text.main) refers to stm32f3xx_hal.o(.text.HAL_Delay) for HAL_Delay
    main.o(.text.main) refers to adc_reg.o(.bss.adc1_value) for adc1_value
    main.o(.text.main) refers to buckboost.o(.bss..L_MergedGlobals) for PSM
    main.o(.text.main) refers to buckboost.o(.bss.Init_Referee_Vol) for Init_Referee_Vol
    main.o(.text.main) refers to buckboost.o(.bss.Init_Cap_Vol) for Init_Cap_Vol
    main.o(.text.main) refers to buckboost.o(.text.pwm_update) for pwm_update
    main.o(.text.main) refers to tim_reg.o(.text.TIM6_Init) for TIM6_Init
    main.o(.text.main) refers to tim_reg.o(.text.TIM7_Init) for TIM7_Init
    main.o(.text.main) refers to oled_ssd1306.o(.text.OLED_Init) for OLED_Init
    main.o(.text.main) refers to buckboost.o(.text.OLED_Display_Start) for OLED_Display_Start
    main.o(.text.main) refers to buckboost.o(.text.OLED_Display_Refresh) for OLED_Display_Refresh
    main.o(.text.main) refers to buckboost.o(.text.LED) for LED
    main.o(.ARM.exidx.text.main) refers to main.o(.text.main) for [Anonymous Symbol]
    main.o(.text.SystemClock_Config) refers to stm32f3xx_hal_rcc.o(.text.HAL_RCC_OscConfig) for HAL_RCC_OscConfig
    main.o(.text.SystemClock_Config) refers to stm32f3xx_hal_rcc.o(.text.HAL_RCC_ClockConfig) for HAL_RCC_ClockConfig
    main.o(.ARM.exidx.text.SystemClock_Config) refers to main.o(.text.SystemClock_Config) for [Anonymous Symbol]
    main.o(.ARM.exidx.text.Error_Handler) refers to main.o(.text.Error_Handler) for [Anonymous Symbol]
    gpio.o(.text.MX_GPIO_Init) refers to stm32f3xx_hal_gpio.o(.text.HAL_GPIO_WritePin) for HAL_GPIO_WritePin
    gpio.o(.text.MX_GPIO_Init) refers to stm32f3xx_hal_gpio.o(.text.HAL_GPIO_Init) for HAL_GPIO_Init
    gpio.o(.ARM.exidx.text.MX_GPIO_Init) refers to gpio.o(.text.MX_GPIO_Init) for [Anonymous Symbol]
    usart.o(.text) refers (Special) to scanf_fp.o(.text) for _scanf_real
    usart.o(.text.MX_USART3_UART_Init) refers (Special) to scanf_fp.o(.text) for _scanf_real
    usart.o(.text.MX_USART3_UART_Init) refers to usart.o(.bss.huart3) for huart3
[...]
    Removing stm32f3xx_hal_i2c.o(.text.HAL_I2C_Mem_Read_IT), (190 bytes).
    Removing stm32f3xx_hal_i2c.o(.ARM.exidx.text.HAL_I2C_Mem_Read_IT), (8 bytes).
    Removing stm32f3xx_hal_i2c.o(.text.HAL_I2C_Mem_Write_DMA), (324 bytes).
    Removing stm32f3xx_hal_i2c.o(.ARM.exidx.text.HAL_I2C_Mem_Write_DMA), (8 bytes).
    Removing stm32f3xx_hal_i2c.o(.text.I2C_Mem_ISR_DMA), (442 bytes).
    Removing stm32f3xx_hal_i2c.o(.ARM.exidx.text.I2C_Mem_ISR_DMA), (8 bytes).
    Removing stm32f3xx_hal_i2c.o(.text.HAL_I2C_Mem_Read_DMA), (320 bytes).
    Removing stm32f3xx_hal_i2c.o(.ARM.exidx.text.HAL_I2C_Mem_Read_DMA), (8 bytes).
    Removing stm32f3xx_hal_i2c.o(.text.HAL_I2C_IsDeviceReady), (404 bytes).
    Removing stm32f3xx_hal_i2c.o(.ARM.exidx.text.HAL_I2C_IsDeviceReady), (8 bytes).
    Removing stm32f3xx_hal_i2c.o(.text.HAL_I2C_Master_Seq_Transmit_IT), (206 bytes).
    Removing stm32f3xx_hal_i2c.o(.ARM.exidx.text.HAL_I2C_Master_Seq_Transmit_IT), (8 bytes).
    Removing stm32f3xx_hal_i2c.o(.text.HAL_I2C_Master_Seq_Transmit_DMA), (422 bytes).
    Removing stm32f3xx_hal_i2c.o(.ARM.exidx.text.HAL_I2C_Master_Seq_Transmit_DMA), (8 bytes).
    Removing stm32f3xx_hal_i2c.o(.text.HAL_I2C_Master_Seq_Receive_IT), (234 bytes).
    Removing stm32f3xx_hal_i2c.o(.ARM.exidx.text.HAL_I2C_Master_Seq_Receive_IT), (8 bytes).
    Removing stm32f3xx_hal_i2c.o(.text.HAL_I2C_Master_Seq_Receive_DMA), (418 bytes).
    Removing stm32f3xx_hal_i2c.o(.ARM.exidx.text.HAL_I2C_Master_Seq_Receive_DMA), (8 bytes).
    Removing stm32f3xx_hal_i2c.o(.text.HAL_I2C_Slave_Seq_Transmit_IT), (302 bytes).
    Removing stm32f3xx_hal_i2c.o(.ARM.exidx.text.HAL_I2C_Slave_Seq_Transmit_IT), (8 bytes).
    Removing stm32f3xx_hal_i2c.o(.text.I2C_DMAAbort), (60 bytes).
    Removing stm32f3xx_hal_i2c.o(.ARM.exidx.text.I2C_DMAAbort), (8 bytes).
    Removing stm32f3xx_hal_i2c.o(.text.HAL_I2C_Slave_Seq_Transmit_DMA), (472 bytes).
    Removing stm32f3xx_hal_i2c.o(.ARM.exidx.text.HAL_I2C_Slave_Seq_Transmit_DMA), (8 bytes).
    Removing stm32f3xx_hal_i2c.o(.text.HAL_I2C_Slave_Seq_Receive_IT), (302 bytes).
    Removing stm32f3xx_hal_i2c.o(.ARM.exidx.text.HAL_I2C_Slave_Seq_Receive_IT), (8 bytes).
    Removing stm32f3xx_hal_i2c.o(.text.HAL_I2C_Slave_Seq_Receive_DMA), (476 bytes).
    Removing stm32f3xx_hal_i2c.o(.ARM.exidx.text.HAL_I2C_Slave_Seq_Receive_DMA), (8 bytes).
    Removing stm32f3xx_hal_i2c.o(.text.HAL_I2C_EnableListen_IT), (42 bytes).
    Removing stm32f3xx_hal_i2c.o(.ARM.exidx.text.HAL_I2C_EnableListen_IT), (8 bytes).
    Removing stm32f3xx_hal_i2c.o(.text.HAL_I2C_DisableListen_IT), (58 bytes).
    Removing stm32f3xx_hal_i2c.o(.ARM.exidx.text.HAL_I2C_DisableListen_IT), (8 bytes).
    Removing stm32f3xx_hal_i2c.o(.text.HAL_I2C_Master_Abort_IT), (206 bytes).
    Removing stm32f3xx_hal_i2c.o(.ARM.exidx.text.HAL_I2C_Master_Abort_IT), (8 bytes).
    Removing stm32f3xx_hal_i2c.o(.text.HAL_I2C_EV_IRQHandler), (16 bytes).
    Removing stm32f3xx_hal_i2c.o(.ARM.exidx.text.HAL_I2C_EV_IRQHandler), (8 bytes).
    Removing stm32f3xx_hal_i2c.o(.text.HAL_I2C_ER_IRQHandler), (96 bytes).
    Removing stm32f3xx_hal_i2c.o(.ARM.exidx.text.HAL_I2C_ER_IRQHandler), (8 bytes).
    Removing stm32f3xx_hal_i2c.o(.text.I2C_ITError), (382 bytes).
    Removing stm32f3xx_hal_i2c.o(.ARM.exidx.text.I2C_ITError), (8 bytes).
    Removing stm32f3xx_hal_i2c.o(.text.HAL_I2C_MasterTxCpltCallback), (2 bytes).
    Removing stm32f3xx_hal_i2c.o(.ARM.exidx.text.HAL_I2C_MasterTxCpltCallback), (8 bytes).
    Removing stm32f3xx_hal_i2c.o(.text.HAL_I2C_MasterRxCpltCallback), (2 bytes).
    Removing stm32f3xx_hal_i2c.o(.ARM.exidx.text.HAL_I2C_MasterRxCpltCallback), (8 bytes).
    Removing stm32f3xx_hal_i2c.o(.text.HAL_I2C_SlaveTxCpltCallback), (2 bytes).
    Removing stm32f3xx_hal_i2c.o(.ARM.exidx.text.HAL_I2C_SlaveTxCpltCallback), (8 bytes).
    Removing stm32f3xx_hal_i2c.o(.text.HAL_I2C_SlaveRxCpltCallback), (2 bytes).
    Removing stm32f3xx_hal_i2c.o(.ARM.exidx.text.HAL_I2C_SlaveRxCpltCallback), (8 bytes).
    Removing stm32f3xx_hal_i2c.o(.text.HAL_I2C_AddrCallback), (2 bytes).
    Removing stm32f3xx_hal_i2c.o(.ARM.exidx.text.HAL_I2C_AddrCallback), (8 bytes).
    Removing stm32f3xx_hal_i2c.o(.text.HAL_I2C_ListenCpltCallback), (2 bytes).
    Removing stm32f3xx_hal_i2c.o(.ARM.exidx.text.HAL_I2C_ListenCpltCallback), (8 bytes).
    Removing stm32f3xx_hal_i2c.o(.text.HAL_I2C_MemTxCpltCallback), (2 bytes).
    Removing stm32f3xx_hal_i2c.o(.ARM.exidx.text.HAL_I2C_MemTxCpltCallback), (8 bytes).
    Removing stm32f3xx_hal_i2c.o(.text.HAL_I2C_MemRxCpltCallback), (2 bytes).
    Removing stm32f3xx_hal_i2c.o(.ARM.exidx.text.HAL_I2C_MemRxCpltCallback), (8 bytes).
    Removing stm32f3xx_hal_i2c.o(.text.HAL_I2C_ErrorCallback), (2 bytes).
    Removing stm32f3xx_hal_i2c.o(.ARM.exidx.text.HAL_I2C_ErrorCallback), (8 bytes).
    Removing stm32f3xx_hal_i2c.o(.text.HAL_I2C_AbortCpltCallback), (2 bytes).
    Removing stm32f3xx_hal_i2c.o(.ARM.exidx.text.HAL_I2C_AbortCpltCallback), (8 bytes).
    Removing stm32f3xx_hal_i2c.o(.text.HAL_I2C_GetState), (6 bytes).
    Removing stm32f3xx_hal_i2c.o(.ARM.exidx.text.HAL_I2C_GetState), (8 bytes).
    Removing stm32f3xx_hal_i2c.o(.text.HAL_I2C_GetMode), (6 bytes).
    Removing stm32f3xx_hal_i2c.o(.ARM.exidx.text.HAL_I2C_GetMode), (8 bytes).
    Removing stm32f3xx_hal_i2c.o(.text.HAL_I2C_GetError), (4 bytes).
    Removing stm32f3xx_hal_i2c.o(.ARM.exidx.text.HAL_I2C_GetError), (8 bytes).
    Removing stm32f3xx_hal_i2c.o(.text.I2C_ITMasterSeqCplt), (112 bytes).
    Removing stm32f3xx_hal_i2c.o(.ARM.exidx.text.I2C_ITMasterSeqCplt), (8 bytes).
    Removing stm32f3xx_hal_i2c.o(.text.I2C_ITMasterCplt), (326 bytes).
    Removing stm32f3xx_hal_i2c.o(.ARM.exidx.text.I2C_ITMasterCplt), (8 bytes).
    Removing stm32f3xx_hal_i2c.o(.text.I2C_ITSlaveCplt), (546 bytes).
    Removing stm32f3xx_hal_i2c.o(.ARM.exidx.text.I2C_ITSlaveCplt), (8 bytes).
    Removing stm32f3xx_hal_i2c.o(.text.I2C_ITSlaveSeqCplt), (148 bytes).
    Removing stm32f3xx_hal_i2c.o(.ARM.exidx.text.I2C_ITSlaveSeqCplt), (8 bytes).
    Removing stm32f3xx_hal_i2c.o(.text.I2C_ITAddrCplt), (162 bytes).
    Removing stm32f3xx_hal_i2c.o(.ARM.exidx.text.I2C_ITAddrCplt), (8 bytes).
    Removing stm32f3xx_hal_i2c.o(.text.I2C_IsErrorOccurred), (348 bytes).
    Removing stm32f3xx_hal_i2c.o(.ARM.exidx.text.I2C_IsErrorOccurred), (8 bytes).
    Removing stm32f3xx_hal_i2c_ex.o(.text), (0 bytes).
    Removing stm32f3xx_hal_i2c_ex.o(.text.HAL_I2CEx_ConfigAnalogFilter), (74 bytes).
    Removing stm32f3xx_hal_i2c_ex.o(.ARM.exidx.text.HAL_I2CEx_ConfigAnalogFilter), (8 bytes).
    Removing stm32f3xx_hal_i2c_ex.o(.text.HAL_I2CEx_ConfigDigitalFilter), (72 bytes).
    Removing stm32f3xx_hal_i2c_ex.o(.ARM.exidx.text.HAL_I2CEx_ConfigDigitalFilter), (8 bytes).
    Removing stm32f3xx_hal_i2c_ex.o(.text.HAL_I2CEx_EnableWakeUp), (68 bytes).
    Removing stm32f3xx_hal_i2c_ex.o(.ARM.exidx.text.HAL_I2CEx_EnableWakeUp), (8 bytes).
    Removing stm32f3xx_hal_i2c_ex.o(.text.HAL_I2CEx_DisableWakeUp), (68 bytes).
    Removing stm32f3xx_hal_i2c_ex.o(.ARM.exidx.text.HAL_I2CEx_DisableWakeUp), (8 bytes).
    Removing stm32f3xx_hal_i2c_ex.o(.text.HAL_I2CEx_EnableFastModePlus), (44 bytes).
    Removing stm32f3xx_hal_i2c_ex.o(.ARM.exidx.text.HAL_I2CEx_EnableFastModePlus), (8 bytes).
    Removing stm32f3xx_hal_i2c_ex.o(.text.HAL_I2CEx_DisableFastModePlus), (46 bytes).
    Removing stm32f3xx_hal_i2c_ex.o(.ARM.exidx.text.HAL_I2CEx_DisableFastModePlus), (8 bytes).
    Removing stm32f3xx_hal_exti.o(.text), (0 bytes).
    Removing stm32f3xx_hal_exti.o(.text.HAL_EXTI_SetConfigLine), (216 bytes).
    Removing stm32f3xx_hal_exti.o(.ARM.exidx.text.HAL_EXTI_SetConfigLine), (8 bytes).
    Removing stm32f3xx_hal_exti.o(.text.HAL_EXTI_GetConfigLine), (164 bytes).
    Removing stm32f3xx_hal_exti.o(.ARM.exidx.text.HAL_EXTI_GetConfigLine), (8 bytes).
    Removing stm32f3xx_hal_exti.o(.text.HAL_EXTI_ClearConfigLine), (146 bytes).
    Removing stm32f3xx_hal_exti.o(.ARM.exidx.text.HAL_EXTI_ClearConfigLine), (8 bytes).
    Removing stm32f3xx_hal_exti.o(.text.HAL_EXTI_RegisterCallback), (12 bytes).
    Removing stm32f3xx_hal_exti.o(.ARM.exidx.text.HAL_EXTI_RegisterCallback), (8 bytes).
    Removing stm32f3xx_hal_exti.o(.text.HAL_EXTI_GetHandle), (12 bytes).
    Removing stm32f3xx_hal_exti.o(.ARM.exidx.text.HAL_EXTI_GetHandle), (8 bytes).
    Removing stm32f3xx_hal_exti.o(.text.HAL_EXTI_IRQHandler), (46 bytes).
    Removing stm32f3xx_hal_exti.o(.ARM.exidx.text.HAL_EXTI_IRQHandler), (8 bytes).
    Removing stm32f3xx_hal_exti.o(.text.HAL_EXTI_GetPending), (32 bytes).
    Removing stm32f3xx_hal_exti.o(.ARM.exidx.text.HAL_EXTI_GetPending), (8 bytes).
    Removing stm32f3xx_hal_exti.o(.text.HAL_EXTI_ClearPending), (30 bytes).
    Removing stm32f3xx_hal_exti.o(.ARM.exidx.text.HAL_EXTI_ClearPending), (8 bytes).
    Removing stm32f3xx_hal_exti.o(.text.HAL_EXTI_GenerateSWI), (30 bytes).
    Removing stm32f3xx_hal_exti.o(.ARM.exidx.text.HAL_EXTI_GenerateSWI), (8 bytes).
    Removing system_stm32f3xx.o(.text), (0 bytes).
    Removing system_stm32f3xx.o(.ARM.exidx.text.SystemInit), (8 bytes).
    Removing system_stm32f3xx.o(.text.SystemCoreClockUpdate), (128 bytes).
    Removing system_stm32f3xx.o(.ARM.exidx.text.SystemCoreClockUpdate), (8 bytes).
    Removing buckboost.o(.text), (0 bytes).
    Removing buckboost.o(.ARM.exidx.text.buckboost_init), (8 bytes).
    Removing buckboost.o(.ARM.exidx.text.pwm_update), (8 bytes).
    Removing buckboost.o(.text.pwm_brake), (34 bytes).
    Removing buckboost.o(.ARM.exidx.text.pwm_brake), (8 bytes).
    Removing buckboost.o(.ARM.exidx.text.power_start), (8 bytes).
    Removing buckboost.o(.ARM.exidx.text.Power_Calculate), (8 bytes).
    Removing buckboost.o(.ARM.exidx.text.LED), (8 bytes).
    Removing buckboost.o(.ARM.exidx.text.OLED_Display_Start), (8 bytes).
    Removing buckboost.o(.ARM.exidx.text.OLED_Display_Refresh), (8 bytes).
    Removing buckboost.o(.text.oled_display), (36 bytes).
    Removing buckboost.o(.ARM.exidx.text.oled_display), (8 bytes).
    Removing buckboost.o(.text.lowVol_and_highVol_protect), (146 bytes).
    Removing buckboost.o(.ARM.exidx.text.lowVol_and_highVol_protect), (8 bytes).
    Removing buckboost.o(.ARM.exidx.text.dr_pwm_init), (8 bytes).
    Removing buckboost.o(.text.Send_Float_String), (94 bytes).
    Removing buckboost.o(.ARM.exidx.text.Send_Float_String), (8 bytes).
    Removing buckboost.o(.text.Send_Float_String_IT), (124 bytes).
    Removing buckboost.o(.ARM.exidx.text.Send_Float_String_IT), (8 bytes).
    Removing buckboost.o(.bss.DCDC_State), (1 bytes).
    Removing buckboost.o(.bss.adc1_in_buff), (8 bytes).
    Removing buckboost.o(.bss.adc2_in_buff), (2 bytes).
    Removing buckboost.o(.rodata.str1.1), (30 bytes).
    Removing buckboost.o(.bss.uart_tx_buf), (64 bytes).
    Removing buckboost.o(.bss.Ccap_Out_Loop), (68 bytes).
    Removing filter.o(.text), (0 bytes).
    Removing filter.o(.ARM.exidx.text.GetAverage), (8 bytes).
    Removing pid.o(.text), (0 bytes).
    Removing pid.o(.ARM.exidx.text.pid_reset), (8 bytes).
    Removing pid.o(.ARM.exidx.text.pid_init), (8 bytes).
    Removing pid.o(.ARM.exidx.text.pid_clc), (8 bytes).
    Removing pid.o(.ARM.exidx.text.pid_calc), (8 bytes).
    Removing adc_reg.o(.text), (0 bytes).
    Removing adc_reg.o(.ARM.exidx.text.ADC1_DMA_Init), (8 bytes).
    Removing adc_reg.o(.ARM.exidx.text.ADC2_DMA_Init), (8 bytes).
    Removing adc_reg.o(.text.readADC2), (48 bytes).
    Removing adc_reg.o(.ARM.exidx.text.readADC2), (8 bytes).
    Removing oled_ssd1306.o(.text), (0 bytes).
    Removing oled_ssd1306.o(.ARM.exidx.text.OLED_Fill), (8 bytes).
    Removing oled_ssd1306.o(.ARM.exidx.text.OLED_Init), (8 bytes).
    Removing oled_ssd1306.o(.ARM.exidx.text.OLED_ShowChar), (8 bytes).
    Removing oled_ssd1306.o(.ARM.exidx.text.OLED_ShowStr), (8 bytes).
    Removing oled_ssd1306.o(.text.oled_pow), (92 bytes).
    Removing oled_ssd1306.o(.ARM.exidx.text.oled_pow), (8 bytes).
    Removing oled_ssd1306.o(.ARM.exidx.text.OLED_ShowNum), (8 bytes).
    Removing oled_ssd1306.o(.ARM.exidx.text.OLED_ShowNum_0), (8 bytes).
    Removing reg_i2c.o(.text), (0 bytes).
    Removing reg_i2c.o(.ARM.exidx.text.I2C1_Init), (8 bytes).
    Removing reg_i2c.o(.text.I2C1_Start), (54 bytes).
    Removing reg_i2c.o(.ARM.exidx.text.I2C1_Start), (8 bytes).
    Removing reg_i2c.o(.text.I2C1_Stop), (56 bytes).
    Removing reg_i2c.o(.ARM.exidx.text.I2C1_Stop), (8 bytes).
    Removing reg_i2c.o(.text.I2C1_WaitACK), (32 bytes).
    Removing reg_i2c.o(.ARM.exidx.text.I2C1_WaitACK), (8 bytes).
    Removing reg_i2c.o(.text.test), (102 bytes).
    Removing reg_i2c.o(.ARM.exidx.text.test), (8 bytes).
    Removing reg_i2c.o(.text.i2c_write_memory), (172 bytes).
    Removing reg_i2c.o(.ARM.exidx.text.i2c_write_memory), (8 bytes).
    Removing reg_i2c.o(.ARM.exidx.text.OLED_Write_Byte), (8 bytes).
    Removing font_en.o(.text), (0 bytes).
    Removing tim_reg.o(.text), (0 bytes).
    Removing tim_reg.o(.ARM.exidx.text.TIM6_Init), (8 bytes).
    Removing tim_reg.o(.ARM.exidx.text.TIM6_DAC1_IRQHandler), (8 bytes).
    Removing tim_reg.o(.ARM.exidx.text.TIM7_Init), (8 bytes).
    Removing tim_reg.o(.ARM.exidx.text.TIM7_DAC2_IRQHandler), (8 bytes).

632 unused section(s) (total 37423 bytes) removed from the image.

==============================================================================

Image Symbol Table

    Local Symbols

    Symbol Name                              Value     Ov Type        Size  Object(Section)

    ../clib/division.s                       0x00000000   Number         0  aeabi_sdiv.o ABSOLUTE
    ../clib/microlib/ctype/ctype.c           0x00000000   Number         0  isspace_c.o ABSOLUTE
    ../clib/microlib/ctype/ctype.c           0x00000000   Number         0  ctype_c.o ABSOLUTE
    ../clib/microlib/division.c              0x00000000   Number         0  uidiv.o ABSOLUTE
    ../clib/microlib/division.c              0x00000000   Number         0  uldiv.o ABSOLUTE
    ../clib/microlib/init/entry.s            0x00000000   Number         0  entry.o ABSOLUTE
    ../clib/microlib/init/entry.s            0x00000000   Number         0  entry2.o ABSOLUTE
    ../clib/microlib/init/entry.s            0x00000000   Number         0  entry5.o ABSOLUTE
    ../clib/microlib/init/entry.s            0x00000000   Number         0  entry7a.o ABSOLUTE
    ../clib/microlib/init/entry.s            0x00000000   Number         0  entry7b.o ABSOLUTE
    ../clib/microlib/init/entry.s            0x00000000   Number         0  entry8a.o ABSOLUTE
    ../clib/microlib/init/entry.s            0x00000000   Number         0  entry8b.o ABSOLUTE
    ../clib/microlib/init/entry.s            0x00000000   Number         0  entry9a.o ABSOLUTE
    ../clib/microlib/init/entry.s            0x00000000   Number         0  entry9b.o ABSOLUTE
    ../clib/microlib/init/entry.s            0x00000000   Number         0  entry10a.o ABSOLUTE
    ../clib/microlib/init/entry.s            0x00000000   Number         0  entry10b.o ABSOLUTE
    ../clib/microlib/init/entry.s            0x00000000   Number         0  entry11a.o ABSOLUTE
    ../clib/microlib/init/entry.s            0x00000000   Number         0  entry11b.o ABSOLUTE
    ../clib/microlib/longlong.c              0x00000000   Number         0  llshl.o ABSOLUTE
    ../clib/microlib/longlong.c              0x00000000   Number         0  llsshr.o ABSOLUTE
    ../clib/microlib/longlong.c              0x00000000   Number         0  llushr.o ABSOLUTE
    ../clib/microlib/printf/printf.c         0x00000000   Number         0  printfb.o ABSOLUTE
    ../clib/microlib/printf/printf.c         0x00000000   Number         0  printf0.o ABSOLUTE
    ../clib/microlib/printf/printf.c         0x00000000   Number         0  printf1.o ABSOLUTE
    ../clib/microlib/printf/printf.c         0x00000000   Number         0  printf2.o ABSOLUTE
    ../clib/microlib/printf/printf.c         0x00000000   Number         0  printf3.o ABSOLUTE
    ../clib/microlib/printf/printf.c         0x00000000   Number         0  printf4.o ABSOLUTE
    ../clib/microlib/printf/printf.c         0x00000000   Number         0  printf5.o ABSOLUTE
    ../clib/microlib/printf/printf.c         0x00000000   Number         0  printf6.o ABSOLUTE
    ../clib/microlib/printf/printf.c         0x00000000   Number         0  printf7.o ABSOLUTE
    ../clib/microlib/printf/printf.c         0x00000000   Number         0  printf8.o ABSOLUTE
    ../clib/microlib/printf/printf.c         0x00000000   Number         0  printfa.o ABSOLUTE
    ../clib/microlib/printf/stubs.s          0x00000000   Number         0  printfstubs.o ABSOLUTE
    ../clib/microlib/stdio/streams.c         0x00000000   Number         0  stdout.o ABSOLUTE
    ../clib/microlib/string/strlen.c         0x00000000   Number         0  strlen.o ABSOLUTE
    ../clib/microlib/stubs.s                 0x00000000   Number         0  iusefp.o ABSOLUTE
    ../clib/scanf.c                          0x00000000   Number         0  __0sscanf.o ABSOLUTE
    ../clib/scanf.c                          0x00000000   Number         0  scanf_fp.o ABSOLUTE
    ../clib/scanf.c                          0x00000000   Number         0  scanf_char.o ABSOLUTE
    ../clib/scanf.c                          0x00000000   Number         0  _sgetc.o ABSOLUTE
    ../clib/scanf.c                          0x00000000   Number         0  _scanf.o ABSOLUTE
    ../fplib/microlib/d2f.c                  0x00000000   Number         0  d2f.o ABSOLUTE
    ../fplib/microlib/f2d.c                  0x00000000   Number         0  f2d.o ABSOLUTE
    ../fplib/microlib/fpadd.c                0x00000000   Number         0  dadd.o ABSOLUTE
    ../fplib/microlib/fpcmp.c                0x00000000   Number         0  dcmpgt.o ABSOLUTE
    ../fplib/microlib/fpdiv.c                0x00000000   Number         0  ddiv.o ABSOLUTE
    ../fplib/microlib/fpepilogue.c           0x00000000   Number         0  fepilogue.o ABSOLUTE
    ../fplib/microlib/fpepilogue.c           0x00000000   Number         0  depilogue.o ABSOLUTE
    ../fplib/microlib/fpfix.c                0x00000000   Number         0  dfixul.o ABSOLUTE
    ../fplib/microlib/fpflt.c                0x00000000   Number         0  dfltul.o ABSOLUTE
    ../fplib/microlib/fpmul.c                0x00000000   Number         0  dmul.o ABSOLUTE
    ADC_Reg.c                                0x00000000   Number         0  adc_reg.o ABSOLUTE
    Filter.c                                 0x00000000   Number         0  filter.o ABSOLUTE
    Font_EN.c                                0x00000000   Number         0  font_en.o ABSOLUTE
    OLED_SSD1306.c                           0x00000000   Number         0  oled_ssd1306.o ABSOLUTE
    Reg_i2c.c                                0x00000000   Number         0  reg_i2c.o ABSOLUTE
    TIM_Reg.c                                0x00000000   Number         0  tim_reg.o ABSOLUTE
    buckboost.c                              0x00000000   Number         0  buckboost.o ABSOLUTE
    cdrcmple.s                               0x00000000   Number         0  cdrcmple.o ABSOLUTE
    dc.s                                     0x00000000   Number         0  dc.o ABSOLUTE
    gpio.c                                   0x00000000   Number         0  gpio.o ABSOLUTE
    handlers.s                               0x00000000   Number         0  handlers.o ABSOLUTE
    init.s                                   0x00000000   Number         0  init.o ABSOLUTE
    main.c                                   0x00000000   Number         0  main.o ABSOLUTE
    pid.c                                    0x00000000   Number         0  pid.o ABSOLUTE
    startup_stm32f334x8.s                    0x00000000   Number         0  startup_stm32f334x8.o ABSOLUTE
    stm32f3xx_hal.c                          0x00000000   Number         0  stm32f3xx_hal.o ABSOLUTE
    stm32f3xx_hal_cortex.c                   0x00000000   Number         0  stm32f3xx_hal_cortex.o ABSOLUTE
    stm32f3xx_hal_dma.c                      0x00000000   Number         0  stm32f3xx_hal_dma.o ABSOLUTE
    stm32f3xx_hal_exti.c                     0x00000000   Number         0  stm32f3xx_hal_exti.o ABSOLUTE
    stm32f3xx_hal_flash.c                    0x00000000   Number         0  stm32f3xx_hal_flash.o ABSOLUTE
    stm32f3xx_hal_flash_ex.c                 0x00000000   Number         0  stm32f3xx_hal_flash_ex.o ABSOLUTE
    stm32f3xx_hal_gpio.c                     0x00000000   Number         0  stm32f3xx_hal_gpio.o ABSOLUTE
    stm32f3xx_hal_i2c.c                      0x00000000   Number         0  stm32f3xx_hal_i2c.o ABSOLUTE
    stm32f3xx_hal_i2c_ex.c                   0x00000000   Number         0  stm32f3xx_hal_i2c_ex.o ABSOLUTE
    stm32f3xx_hal_msp.c                      0x00000000   Number         0  stm32f3xx_hal_msp.o ABSOLUTE
    stm32f3xx_hal_pwr.c                      0x00000000   Number         0  stm32f3xx_hal_pwr.o ABSOLUTE
    stm32f3xx_hal_pwr_ex.c                   0x00000000   Number         0  stm32f3xx_hal_pwr_ex.o ABSOLUTE
    stm32f3xx_hal_rcc.c                      0x00000000   Number         0  stm32f3xx_hal_rcc.o ABSOLUTE
    stm32f3xx_hal_rcc_ex.c                   0x00000000   Number         0  stm32f3xx_hal_rcc_ex.o ABSOLUTE
    stm32f3xx_hal_tim.c                      0x00000000   Number         0  stm32f3xx_hal_tim.o ABSOLUTE
    stm32f3xx_hal_tim_ex.c                   0x00000000   Number         0  stm32f3xx_hal_tim_ex.o ABSOLUTE
    stm32f3xx_hal_uart.c                     0x00000000   Number         0  stm32f3xx_hal_uart.o ABSOLUTE
    stm32f3xx_hal_uart_ex.c                  0x00000000   Number         0  stm32f3xx_hal_uart_ex.o ABSOLUTE
    stm32f3xx_it.c                           0x00000000   Number         0  stm32f3xx_it.o ABSOLUTE
    system_stm32f3xx.c                       0x00000000   Number         0  system_stm32f3xx.o ABSOLUTE
    usart.c                                  0x00000000   Number         0  usart.o ABSOLUTE
    RESET                                    0x08000000   Section      392  startup_stm32f334x8.o(RESET)
    .ARM.Collect$$$$00000000                 0x08000188   Section        0  entry.o(.ARM.Collect$$$$00000000)
    .ARM.Collect$$$$00000001                 0x08000188   Section        4  entry2.o(.ARM.Collect$$$$00000001)
    .ARM.Collect$$$$00000004                 0x0800018c   Section        4  entry5.o(.ARM.Collect$$$$00000004)
    .ARM.Collect$$$$00000008                 0x08000190   Section        0  entry7b.o(.ARM.Collect$$$$00000008)
    .ARM.Collect$$$$0000000A                 0x08000190   Section        0  entry8b.o(.ARM.Collect$$$$0000000A)
    .ARM.Collect$$$$0000000B                 0x08000190   Section        8  entry9a.o(.ARM.Collect$$$$0000000B)
    __lit__00000000                          0x08000198   Data           4  entry2.o(.ARM.Collect$$$$00002712)
    .ARM.Collect$$$$0000000D                 0x08000198   Section        0  entry10a.o(.ARM.Collect$$$$0000000D)
    .ARM.Collect$$$$0000000F                 0x08000198   Section        0  entry11a.o(.ARM.Collect$$$$0000000F)
    .ARM.Collect$$$$00002712                 0x08000198   Section        4  entry2.o(.ARM.Collect$$$$00002712)
    $v0                                      0x0800019c   Number         0  startup_stm32f334x8.o(.text)
    .text                                    0x0800019c   Section       36  startup_stm32f334x8.o(.text)
    .text                                    0x080001c0   Section        0  __0sscanf.o(.text)
    _fp_value                                0x080001f9   Thumb Code   296  scanf_fp.o(.text)
    .text                                    0x080001f8   Section        0  scanf_fp.o(.text)
    .text                                    0x08000558   Section        0  dadd.o(.text)
    .text                                    0x080006a6   Section        0  dcmpgt.o(.text)
    .text                                    0x080006dc   Section        0  f2d.o(.text)
    .text                                    0x08000702   Section        0  d2f.o(.text)
    .text                                    0x0800073a   Section        0  uidiv.o(.text)
    .text                                    0x08000766   Section        0  uldiv.o(.text)
    .text                                    0x080007c8   Section        0  llshl.o(.text)
    .text                                    0x080007e6   Section        0  llsshr.o(.text)
    _scanf_char_input                        0x0800080d   Thumb Code    12  scanf_char.o(.text)
    .text                                    0x0800080c   Section        0  scanf_char.o(.text)
    .text                                    0x08000834   Section        0  _sgetc.o(.text)
    .text                                    0x08000874   Section        0  iusefp.o(.text)
    .text                                    0x08000874   Section        0  fepilogue.o(.text)
    .text                                    0x080008e2   Section        0  depilogue.o(.text)
    .text                                    0x0800099c   Section        0  dmul.o(.text)
    .text                                    0x08000a80   Section        0  ddiv.o(.text)
    .text                                    0x08000b5e   Section        0  dfltul.o(.text)
    .text                                    0x08000b76   Section        0  dfixul.o(.text)
    .text                                    0x08000ba8   Section       48  cdrcmple.o(.text)
    .text                                    0x08000bd8   Section       48  init.o(.text)
    .text                                    0x08000c08   Section        0  llushr.o(.text)
    .text                                    0x08000c28   Section        0  isspace_c.o(.text)
    .text                                    0x08000c34   Section        0  _scanf.o(.text)
    .text                                    0x08000f60   Section        0  ctype_c.o(.text)
    [Anonymous Symbol]                       0x08000f88   Section        0  adc_reg.o(.text.ADC1_DMA_Init)
    [Anonymous Symbol]                       0x0800115c   Section        0  adc_reg.o(.text.ADC2_DMA_Init)
    [Anonymous Symbol]                       0x080012c8   Section        0  stm32f3xx_it.o(.text.BusFault_Handler)
    [Anonymous Symbol]                       0x080012cc   Section        0  stm32f3xx_it.o(.text.DebugMon_Handler)
    [Anonymous Symbol]                       0x080012d0   Section        0  main.o(.text.Error_Handler)
    [Anonymous Symbol]                       0x080012dc   Section        0  filter.o(.text.GetAverage)
    [Anonymous Symbol]                       0x080013d0   Section        0  stm32f3xx_hal_dma.o(.text.HAL_DMA_Abort)
    [Anonymous Symbol]                       0x08001418   Section        0  stm32f3xx_hal_dma.o(.text.HAL_DMA_Abort_IT)
    [Anonymous Symbol]                       0x08001464   Section        0  stm32f3xx_hal.o(.text.HAL_Delay)
    [Anonymous Symbol]                       0x0800148c   Section        0  stm32f3xx_hal_gpio.o(.text.HAL_GPIO_Init)
    [Anonymous Symbol]                       0x08001648   Section        0  stm32f3xx_hal_gpio.o(.text.HAL_GPIO_TogglePin)
    [Anonymous Symbol]                       0x08001658   Section        0  stm32f3xx_hal_gpio.o(.text.HAL_GPIO_WritePin)
    [Anonymous Symbol]                       0x08001664   Section        0  stm32f3xx_hal.o(.text.HAL_GetTick)
    [Anonymous Symbol]                       0x08001670   Section        0  stm32f3xx_hal.o(.text.HAL_IncTick)
    [Anonymous Symbol]                       0x0800168c   Section        0  stm32f3xx_hal.o(.text.HAL_Init)
    [Anonymous Symbol]                       0x080016b4   Section        0  stm32f3xx_hal.o(.text.HAL_InitTick)
    [Anonymous Symbol]                       0x080016fc   Section        0  stm32f3xx_hal_msp.o(.text.HAL_MspInit)
    [Anonymous Symbol]                       0x08001730   Section        0  stm32f3xx_hal_cortex.o(.text.HAL_NVIC_EnableIRQ)
    [Anonymous Symbol]                       0x08001754   Section        0  stm32f3xx_hal_cortex.o(.text.HAL_NVIC_SetPriority)
    [Anonymous Symbol]                       0x080017ac   Section        0  stm32f3xx_hal_cortex.o(.text.HAL_NVIC_SetPriorityGrouping)
    [Anonymous Symbol]                       0x080017cc   Section        0  stm32f3xx_hal_rcc.o(.text.HAL_RCC_ClockConfig)
    [Anonymous Symbol]                       0x08001978   Section        0  stm32f3xx_hal_rcc.o(.text.HAL_RCC_GetPCLK1Freq)
    [Anonymous Symbol]                       0x080019a0   Section        0  stm32f3xx_hal_rcc.o(.text.HAL_RCC_GetSysClockFreq)
    [Anonymous Symbol]                       0x08001a08   Section        0  stm32f3xx_hal_rcc.o(.text.HAL_RCC_OscConfig)
    [Anonymous Symbol]                       0x08001da4   Section        0  stm32f3xx_hal_cortex.o(.text.HAL_SYSTICK_Config)
    [Anonymous Symbol]                       0x08001dd0   Section        0  stm32f3xx_hal_uart.o(.text.HAL_UARTEx_RxEventCallback)
    [Anonymous Symbol]                       0x08001dd4   Section        0  stm32f3xx_hal_uart_ex.o(.text.HAL_UARTEx_WakeupCallback)
    [Anonymous Symbol]                       0x08001dd8   Section        0  stm32f3xx_hal_uart.o(.text.HAL_UART_ErrorCallback)
    [Anonymous Symbol]                       0x08001ddc   Section        0  stm32f3xx_hal_uart.o(.text.HAL_UART_IRQHandler)
    [Anonymous Symbol]                       0x080023b8   Section        0  stm32f3xx_hal_uart.o(.text.HAL_UART_Init)
    [Anonymous Symbol]                       0x08002418   Section        0  usart.o(.text.HAL_UART_MspInit)
    [Anonymous Symbol]                       0x080024a0   Section        0  stm32f3xx_hal_uart.o(.text.HAL_UART_Receive_IT)
    [Anonymous Symbol]                       0x0800253c   Section        0  usart.o(.text.HAL_UART_RxCpltCallback)
    [Anonymous Symbol]                       0x080025c0   Section        0  stm32f3xx_hal_uart.o(.text.HAL_UART_Transmit)
    [Anonymous Symbol]                       0x08002688   Section        0  stm32f3xx_hal_uart.o(.text.HAL_UART_TxCpltCallback)
    [Anonymous Symbol]                       0x0800268c   Section        0  stm32f3xx_it.o(.text.HardFault_Handler)
    [Anonymous Symbol]                       0x08002690   Section        0  reg_i2c.o(.text.I2C1_Init)
    [Anonymous Symbol]                       0x08002728   Section        0  buckboost.o(.text.LED)
    [Anonymous Symbol]                       0x08002780   Section        0  gpio.o(.text.MX_GPIO_Init)
    [Anonymous Symbol]                       0x08002810   Section        0  usart.o(.text.MX_USART3_UART_Init)
    [Anonymous Symbol]                       0x08002850   Section        0  stm32f3xx_it.o(.text.MemManage_Handler)
    [Anonymous Symbol]                       0x08002854   Section        0  stm32f3xx_it.o(.text.NMI_Handler)
    [Anonymous Symbol]                       0x08002858   Section        0  buckboost.o(.text.OLED_Display_Refresh)
    [Anonymous Symbol]                       0x08002a8c   Section        0  buckboost.o(.text.OLED_Display_Start)
    [Anonymous Symbol]                       0x08002b90   Section        0  oled_ssd1306.o(.text.OLED_Fill)
    [Anonymous Symbol]                       0x08002cf8   Section        0  oled_ssd1306.o(.text.OLED_Init)
    [Anonymous Symbol]                       0x08002e08   Section        0  oled_ssd1306.o(.text.OLED_ShowChar)
    [Anonymous Symbol]                       0x080030bc   Section        0  oled_ssd1306.o(.text.OLED_ShowNum)
    [Anonymous Symbol]                       0x080031c4   Section        0  oled_ssd1306.o(.text.OLED_ShowNum_0)
    [Anonymous Symbol]                       0x080032cc   Section        0  oled_ssd1306.o(.text.OLED_ShowStr)
    [Anonymous Symbol]                       0x08003368   Section        0  reg_i2c.o(.text.OLED_Write_Byte)
    [Anonymous Symbol]                       0x080033e4   Section        0  stm32f3xx_it.o(.text.PendSV_Handler)
    [Anonymous Symbol]                       0x080033e8   Section        0  buckboost.o(.text.Power_Calculate)
    [Anonymous Symbol]                       0x080034a8   Section        0  stm32f3xx_it.o(.text.SVC_Handler)
    [Anonymous Symbol]                       0x080034ac   Section        0  stm32f3xx_it.o(.text.SysTick_Handler)
    [Anonymous Symbol]                       0x080034b0   Section        0  system_stm32f3xx.o(.text.SystemInit)
    [Anonymous Symbol]                       0x080034c4   Section        0  tim_reg.o(.text.TIM6_DAC1_IRQHandler)
    [Anonymous Symbol]                       0x080034ec   Section        0  tim_reg.o(.text.TIM6_Init)
    [Anonymous Symbol]                       0x08003540   Section        0  tim_reg.o(.text.TIM7_DAC2_IRQHandler)
    [Anonymous Symbol]                       0x080035b4   Section        0  tim_reg.o(.text.TIM7_Init)
    [Anonymous Symbol]                       0x0800360c   Section        0  stm32f3xx_hal_uart.o(.text.UART_AdvFeatureConfig)
    [Anonymous Symbol]                       0x080036f4   Section        0  stm32f3xx_hal_uart.o(.text.UART_CheckIdleState)
    UART_DMAAbortOnError                     0x0800385d   Thumb Code    16  stm32f3xx_hal_uart.o(.text.UART_DMAAbortOnError)
    [Anonymous Symbol]                       0x0800385c   Section        0  stm32f3xx_hal_uart.o(.text.UART_DMAAbortOnError)
    UART_RxISR_16BIT                         0x0800386d   Thumb Code   422  stm32f3xx_hal_uart.o(.text.UART_RxISR_16BIT)
    [Anonymous Symbol]                       0x0800386c   Section        0  stm32f3xx_hal_uart.o(.text.UART_RxISR_16BIT)
    UART_RxISR_8BIT                          0x08003a15   Thumb Code   426  stm32f3xx_hal_uart.o(.text.UART_RxISR_8BIT)
    [Anonymous Symbol]                       0x08003a14   Section        0  stm32f3xx_hal_uart.o(.text.UART_RxISR_8BIT)
    [Anonymous Symbol]                       0x08003bc0   Section        0  stm32f3xx_hal_uart.o(.text.UART_SetConfig)
    [Anonymous Symbol]                       0x08003d1c   Section        0  stm32f3xx_hal_uart.o(.text.UART_Start_Receive_IT)
    [Anonymous Symbol]                       0x08003e88   Section        0  stm32f3xx_hal_uart.o(.text.UART_WaitOnFlagUntilTimeout)
    [Anonymous Symbol]                       0x08004154   Section        0  stm32f3xx_it.o(.text.USART3_IRQHandler)
    [Anonymous Symbol]                       0x08004160   Section        0  stm32f3xx_it.o(.text.UsageFault_Handler)
    [Anonymous Symbol]                       0x08004164   Section        0  buckboost.o(.text.buckboost_init)
    [Anonymous Symbol]                       0x0800424c   Section        0  buckboost.o(.text.dr_pwm_init)
    [Anonymous Symbol]                       0x080044c8   Section        0  usart.o(.text.fputc)
    [Anonymous Symbol]                       0x080044e8   Section        0  main.o(.text.main)
    [Anonymous Symbol]                       0x080046a4   Section        0  pid.o(.text.pid_calc)
    [Anonymous Symbol]                       0x0800473c   Section        0  pid.o(.text.pid_clc)
    [Anonymous Symbol]                       0x0800474c   Section        0  pid.o(.text.pid_init)
    [Anonymous Symbol]                       0x080047d8   Section        0  pid.o(.text.pid_reset)
    [Anonymous Symbol]                       0x08004800   Section        0  buckboost.o(.text.power_start)
    [Anonymous Symbol]                       0x08004aac   Section        0  buckboost.o(.text.pwm_update)
    i.__0printf                              0x08004c3c   Section        0  printfa.o(i.__0printf)
    i.__scatterload_copy                     0x08004c5c   Section       14  handlers.o(i.__scatterload_copy)
    i.__scatterload_null                     0x08004c6a   Section        2  handlers.o(i.__scatterload_null)
    i.__scatterload_zeroinit                 0x08004c6c   Section       14  handlers.o(i.__scatterload_zeroinit)
    _fp_digits                               0x08004c7d   Thumb Code   366  printfa.o(i._fp_digits)
    i._fp_digits                             0x08004c7c   Section        0  printfa.o(i._fp_digits)
    i._is_digit                              0x08004e00   Section        0  scanf_fp.o(i._is_digit)
    _printf_core                             0x08004e11   Thumb Code  1744  printfa.o(i._printf_core)
    i._printf_core                           0x08004e10   Section        0  printfa.o(i._printf_core)
    _printf_post_padding                     0x080054ed   Thumb Code    36  printfa.o(i._printf_post_padding)
    i._printf_post_padding                   0x080054ec   Section        0  printfa.o(i._printf_post_padding)
    _printf_pre_padding                      0x08005511   Thumb Code    46  printfa.o(i._printf_pre_padding)
    i._printf_pre_padding                    0x08005510   Section        0  printfa.o(i._printf_pre_padding)
    .constdata                               0x0800553e   Section       64  ctype_c.o(.constdata)
    aPLLMULFactorTable                       0x08005dae   Data          16  stm32f3xx_hal_rcc.o(.rodata.cst16)
    [Anonymous Symbol]                       0x08005dae   Section        0  stm32f3xx_hal_rcc.o(.rodata.cst16)
    aPredivFactorTable                       0x08005dbe   Data          16  stm32f3xx_hal_rcc.o(.rodata.cst16)
    .data                                    0x20000000   Section        4  stdout.o(.data)
    .L_MergedGlobals                         0x20000004   Data           8  stm32f3xx_hal.o(.data..L_MergedGlobals)
    [Anonymous Symbol]                       0x20000004   Section        0  stm32f3xx_hal.o(.data..L_MergedGlobals)
    .L_MergedGlobals                         0x20000020   Data          66  usart.o(.bss..L_MergedGlobals)
    [Anonymous Symbol]                       0x20000020   Section        0  usart.o(.bss..L_MergedGlobals)
    .L_MergedGlobals                         0x20000064   Data         112  buckboost.o(.bss..L_MergedGlobals)
    [Anonymous Symbol]                       0x20000064   Section        0  buckboost.o(.bss..L_MergedGlobals)
    LED.cnt                                  0x2000006d   Data           1  buckboost.o(.bss..L_MergedGlobals)
    .L_MergedGlobals                         0x200000d4   Data           4  adc_reg.o(.bss..L_MergedGlobals)
    [Anonymous Symbol]                       0x200000d4   Section        0  adc_reg.o(.bss..L_MergedGlobals)
    GetAverage.buff                          0x2000011c   Data           4  filter.o(.bss.GetAverage.buff)
    [Anonymous Symbol]                       0x2000011c   Section        0  filter.o(.bss.GetAverage.buff)
    STACK                                    0x20000208   Section     1024  startup_stm32f334x8.o(STACK)

    Global Symbols

    Symbol Name                              Value     Ov Type        Size  Object(Section)

    BuildAttributes$$THM_ISAv4$E$P$D$K$B$S$7EM$VFPi3$EXTD16$VFPS$VFMA$PE$A:L22UL41UL21$X:L11$S22US41US21$IEEE1$IW$~IW$USESV6$~STKCKD$USESV7$~SHL$OTIME$ROPI$EBA8$MICROLIB$REQ8$PRES8$EABIv2 0x00000000   Number         0  anon$$obj.o ABSOLUTE
    _printf_a                                0x00000000   Number         0  printfstubs.o ABSOLUTE
    _printf_c                                0x00000000   Number         0  printfstubs.o ABSOLUTE
    _printf_charcount                        0x00000000   Number         0  printfstubs.o ABSOLUTE
    _printf_d                                0x00000000   Number         0  printfstubs.o ABSOLUTE
    _printf_e                                0x00000000   Number         0  printfstubs.o ABSOLUTE
    _printf_f                                0x00000000   Number         0  printfstubs.o ABSOLUTE
    _printf_flags                            0x00000000   Number         0  printfstubs.o ABSOLUTE
    _printf_fp_dec                           0x00000000   Number         0  printfstubs.o ABSOLUTE
    _printf_fp_hex                           0x00000000   Number         0  printfstubs.o ABSOLUTE
    _printf_g                                0x00000000   Number         0  printfstubs.o ABSOLUTE
    _printf_i                                0x00000000   Number         0  printfstubs.o ABSOLUTE
    _printf_int_dec                          0x00000000   Number         0  printfstubs.o ABSOLUTE
    _printf_l                                0x00000000   Number         0  printfstubs.o ABSOLUTE
    _printf_lc                               0x00000000   Number         0  printfstubs.o ABSOLUTE
    _printf_ll                               0x00000000   Number         0  printfstubs.o ABSOLUTE
    _printf_lld                              0x00000000   Number         0  printfstubs.o ABSOLUTE
    _printf_lli                              0x00000000   Number         0  printfstubs.o ABSOLUTE
    _printf_llo                              0x00000000   Number         0  printfstubs.o ABSOLUTE
    _printf_llu                              0x00000000   Number         0  printfstubs.o ABSOLUTE
    _printf_llx                              0x00000000   Number         0  printfstubs.o ABSOLUTE
    _printf_longlong_dec                     0x00000000   Number         0  printfstubs.o ABSOLUTE
    _printf_longlong_hex                     0x00000000   Number         0  printfstubs.o ABSOLUTE
    _printf_longlong_oct                     0x00000000   Number         0  printfstubs.o ABSOLUTE
    _printf_ls                               0x00000000   Number         0  printfstubs.o ABSOLUTE
    _printf_mbtowc                           0x00000000   Number         0  printfstubs.o ABSOLUTE
    _printf_n                                0x00000000   Number         0  printfstubs.o ABSOLUTE
    _printf_o                                0x00000000   Number         0  printfstubs.o ABSOLUTE
    _printf_p                                0x00000000   Number         0  printfstubs.o ABSOLUTE
    _printf_percent                          0x00000000   Number         0  printfstubs.o ABSOLUTE
    _printf_pre_padding                      0x00000000   Number         0  printfstubs.o ABSOLUTE
    _printf_return_value                     0x00000000   Number         0  printfstubs.o ABSOLUTE
    _printf_s                                0x00000000   Number         0  printfstubs.o ABSOLUTE
    _printf_sizespec                         0x00000000   Number         0  printfstubs.o ABSOLUTE
    _printf_str                              0x00000000   Number         0  printfstubs.o ABSOLUTE
    _printf_truncate_signed                  0x00000000   Number         0  printfstubs.o ABSOLUTE
    _printf_truncate_unsigned                0x00000000   Number         0  printfstubs.o ABSOLUTE
    _printf_u                                0x00000000   Number         0  printfstubs.o ABSOLUTE
    _printf_wc                               0x00000000   Number         0  printfstubs.o ABSOLUTE
    _printf_wctomb                           0x00000000   Number         0  printfstubs.o ABSOLUTE
    _printf_widthprec                        0x00000000   Number         0  printfstubs.o ABSOLUTE
    _printf_x                                0x00000000   Number         0  printfstubs.o ABSOLUTE
    __cpp_initialize__aeabi_                  - Undefined Weak Reference
    __cxa_finalize                            - Undefined Weak Reference
    __decompress                              - Undefined Weak Reference
    _clock_init                               - Undefined Weak Reference
    _microlib_exit                            - Undefined Weak Reference
    _scanf_int                                - Undefined Weak Reference
    _scanf_longlong                           - Undefined Weak Reference
    _scanf_string                             - Undefined Weak Reference
    __Vectors_Size                           0x00000188   Number         0  startup_stm32f334x8.o ABSOLUTE
    __Vectors                                0x08000000   Data           4  startup_stm32f334x8.o(RESET)
    __Vectors_End                            0x08000188   Data           0  startup_stm32f334x8.o(RESET)
    __main                                   0x08000189   Thumb Code     0  entry.o(.ARM.Collect$$$$00000000)
    _main_stk                                0x08000189   Thumb Code     0  entry2.o(.ARM.Collect$$$$00000001)
    _main_scatterload                        0x0800018d   Thumb Code     0  entry5.o(.ARM.Collect$$$$00000004)
    __main_after_scatterload                 0x08000191   Thumb Code     0  entry5.o(.ARM.Collect$$$$00000004)
    _main_clock                              0x08000191   Thumb Code     0  entry7b.o(.ARM.Collect$$$$00000008)
    _main_cpp_init                           0x08000191   Thumb Code     0  entry8b.o(.ARM.Collect$$$$0000000A)
    _main_init                               0x08000191   Thumb Code     0  entry9a.o(.ARM.Collect$$$$0000000B)
    __rt_final_cpp                           0x08000199   Thumb Code     0  entry10a.o(.ARM.Collect$$$$0000000D)
    __rt_final_exit                          0x08000199   Thumb Code     0  entry11a.o(.ARM.Collect$$$$0000000F)
    Reset_Handler                            0x0800019d   Thumb Code     8  startup_stm32f334x8.o(.text)
    ADC1_2_IRQHandler                        0x080001b7   Thumb Code     0  startup_stm32f334x8.o(.text)
    CAN_RX0_IRQHandler                       0x080001b7   Thumb Code     0  startup_stm32f334x8.o(.text)
    CAN_RX1_IRQHandler                       0x080001b7   Thumb Code     0  startup_stm32f334x8.o(.text)
    CAN_SCE_IRQHandler                       0x080001b7   Thumb Code     0  startup_stm32f334x8.o(.text)
    CAN_TX_IRQHandler                        0x080001b7   Thumb Code     0  startup_stm32f334x8.o(.text)
    COMP2_IRQHandler                         0x080001b7   Thumb Code     0  startup_stm32f334x8.o(.text)
    COMP4_6_IRQHandler                       0x080001b7   Thumb Code     0  startup_stm32f334x8.o(.text)
    DMA1_Channel1_IRQHandler                 0x080001b7   Thumb Code     0  startup_stm32f334x8.o(.text)
    DMA1_Channel2_IRQHandler                 0x080001b7   Thumb Code     0  startup_stm32f334x8.o(.text)
    DMA1_Channel3_IRQHandler                 0x080001b7   Thumb Code     0  startup_stm32f334x8.o(.text)
    DMA1_Channel4_IRQHandler                 0x080001b7   Thumb Code     0  startup_stm32f334x8.o(.text)
    DMA1_Channel5_IRQHandler                 0x080001b7   Thumb Code     0  startup_stm32f334x8.o(.text)
    DMA1_Channel6_IRQHandler                 0x080001b7   Thumb Code     0  startup_stm32f334x8.o(.text)
    DMA1_Channel7_IRQHandler                 0x080001b7   Thumb Code     0  startup_stm32f334x8.o(.text)
    EXTI0_IRQHandler                         0x080001b7   Thumb Code     0  startup_stm32f334x8.o(.text)
    EXTI15_10_IRQHandler                     0x080001b7   Thumb Code     0  startup_stm32f334x8.o(.text)
    EXTI1_IRQHandler                         0x080001b7   Thumb Code     0  startup_stm32f334x8.o(.text)
    EXTI2_TSC_IRQHandler                     0x080001b7   Thumb Code     0  startup_stm32f334x8.o(.text)
    EXTI3_IRQHandler                         0x080001b7   Thumb Code     0  startup_stm32f334x8.o(.text)
    EXTI4_IRQHandler                         0x080001b7   Thumb Code     0  startup_stm32f334x8.o(.text)
    EXTI9_5_IRQHandler                       0x080001b7   Thumb Code     0  startup_stm32f334x8.o(.text)
    FLASH_IRQHandler                         0x080001b7   Thumb Code     0  startup_stm32f334x8.o(.text)
    FPU_IRQHandler                           0x080001b7   Thumb Code     0  startup_stm32f334x8.o(.text)
    HRTIM1_FLT_IRQHandler                    0x080001b7   Thumb Code     0  startup_stm32f334x8.o(.text)
    HRTIM1_Master_IRQHandler                 0x080001b7   Thumb Code     0  startup_stm32f334x8.o(.text)
    HRTIM1_TIMA_IRQHandler                   0x080001b7   Thumb Code     0  startup_stm32f334x8.o(.text)
    HRTIM1_TIMB_IRQHandler                   0x080001b7   Thumb Code     0  startup_stm32f334x8.o(.text)
    HRTIM1_TIMC_IRQHandler                   0x080001b7   Thumb Code     0  startup_stm32f334x8.o(.text)
    HRTIM1_TIMD_IRQHandler                   0x080001b7   Thumb Code     0  startup_stm32f334x8.o(.text)
    HRTIM1_TIME_IRQHandler                   0x080001b7   Thumb Code     0  startup_stm32f334x8.o(.text)
    I2C1_ER_IRQHandler                       0x080001b7   Thumb Code     0  startup_stm32f334x8.o(.text)
    I2C1_EV_IRQHandler                       0x080001b7   Thumb Code     0  startup_stm32f334x8.o(.text)
    PVD_IRQHandler                           0x080001b7   Thumb Code     0  startup_stm32f334x8.o(.text)
    RCC_IRQHandler                           0x080001b7   Thumb Code     0  startup_stm32f334x8.o(.text)
    RTC_Alarm_IRQHandler                     0x080001b7   Thumb Code     0  startup_stm32f334x8.o(.text)
    RTC_WKUP_IRQHandler                      0x080001b7   Thumb Code     0  startup_stm32f334x8.o(.text)
    SPI1_IRQHandler                          0x080001b7   Thumb Code     0  startup_stm32f334x8.o(.text)
    TAMP_STAMP_IRQHandler                    0x080001b7   Thumb Code     0  startup_stm32f334x8.o(.text)
    TIM1_BRK_TIM15_IRQHandler                0x080001b7   Thumb Code     0  startup_stm32f334x8.o(.text)
    TIM1_CC_IRQHandler                       0x080001b7   Thumb Code     0  startup_stm32f334x8.o(.text)
    TIM1_TRG_COM_TIM17_IRQHandler            0x080001b7   Thumb Code     0  startup_stm32f334x8.o(.text)
    TIM1_UP_TIM16_IRQHandler                 0x080001b7   Thumb Code     0  startup_stm32f334x8.o(.text)
    TIM2_IRQHandler                          0x080001b7   Thumb Code     0  startup_stm32f334x8.o(.text)
    TIM3_IRQHandler                          0x080001b7   Thumb Code     0  startup_stm32f334x8.o(.text)
    USART1_IRQHandler                        0x080001b7   Thumb Code     0  startup_stm32f334x8.o(.text)
    USART2_IRQHandler                        0x080001b7   Thumb Code     0  startup_stm32f334x8.o(.text)
    WWDG_IRQHandler                          0x080001b7   Thumb Code     0  startup_stm32f334x8.o(.text)
    __0sscanf                                0x080001c1   Thumb Code    48  __0sscanf.o(.text)
    _scanf_real                              0x08000321   Thumb Code     0  scanf_fp.o(.text)
    _scanf_really_real                       0x08000321   Thumb Code   556  scanf_fp.o(.text)
    __aeabi_dadd                             0x08000559   Thumb Code   322  dadd.o(.text)
    __aeabi_dsub                             0x0800069b   Thumb Code     6  dadd.o(.text)
    __aeabi_drsub                            0x080006a1   Thumb Code     6  dadd.o(.text)
    __aeabi_dcmpgt                           0x080006a7   Thumb Code    54  dcmpgt.o(.text)
    __aeabi_f2d                              0x080006dd   Thumb Code    38  f2d.o(.text)
    __aeabi_d2f                              0x08000703   Thumb Code    56  d2f.o(.text)
    __aeabi_uidiv                            0x0800073b   Thumb Code     0  uidiv.o(.text)
    __aeabi_uidivmod                         0x0800073b   Thumb Code    44  uidiv.o(.text)
    __aeabi_uldivmod                         0x08000767   Thumb Code    98  uldiv.o(.text)
    __aeabi_llsl                             0x080007c9   Thumb Code    30  llshl.o(.text)
    _ll_shift_l                              0x080007c9   Thumb Code     0  llshl.o(.text)
    __aeabi_lasr                             0x080007e7   Thumb Code    36  llsshr.o(.text)
    _ll_sshift_r                             0x080007e7   Thumb Code     0  llsshr.o(.text)
    __vfscanf_char                           0x08000819   Thumb Code    20  scanf_char.o(.text)
    _sgetc                                   0x08000835   Thumb Code    30  _sgetc.o(.text)
    _sbackspace                              0x08000853   Thumb Code    34  _sgetc.o(.text)
    __I$use$fp                               0x08000875   Thumb Code     0  iusefp.o(.text)
    _float_round                             0x08000875   Thumb Code    18  fepilogue.o(.text)
    _float_epilogue                          0x08000887   Thumb Code    92  fepilogue.o(.text)
    _double_round                            0x080008e3   Thumb Code    30  depilogue.o(.text)
    _double_epilogue                         0x08000901   Thumb Code   156  depilogue.o(.text)
    __aeabi_dmul                             0x0800099d   Thumb Code   228  dmul.o(.text)
    __aeabi_ddiv                             0x08000a81   Thumb Code   222  ddiv.o(.text)
    __aeabi_ul2d                             0x08000b5f   Thumb Code    24  dfltul.o(.text)
    __aeabi_d2ulz                            0x08000b77   Thumb Code    48  dfixul.o(.text)
    __aeabi_cdrcmple                         0x08000ba9   Thumb Code    48  cdrcmple.o(.text)
    __scatterload                            0x08000bd9   Thumb Code    38  init.o(.text)
    __scatterload_rt2                        0x08000bd9   Thumb Code     0  init.o(.text)
    __aeabi_llsr                             0x08000c09   Thumb Code    32  llushr.o(.text)
    _ll_ushift_r                             0x08000c09   Thumb Code     0  llushr.o(.text)
    isspace                                  0x08000c29   Thumb Code    10  isspace_c.o(.text)
    __vfscanf                                0x08000c35   Thumb Code   808  _scanf.o(.text)
    __ctype_lookup                           0x08000f61   Thumb Code    34  ctype_c.o(.text)
    ADC1_DMA_Init                            0x08000f89   Thumb Code   468  adc_reg.o(.text.ADC1_DMA_Init)
    ADC2_DMA_Init                            0x0800115d   Thumb Code   362  adc_reg.o(.text.ADC2_DMA_Init)
    BusFault_Handler                         0x080012c9   Thumb Code     2  stm32f3xx_it.o(.text.BusFault_Handler)
    DebugMon_Handler                         0x080012cd   Thumb Code     2  stm32f3xx_it.o(.text.DebugMon_Handler)
    Error_Handler                            0x080012d1   Thumb Code    10  main.o(.text.Error_Handler)
    GetAverage                               0x080012dd   Thumb Code   240  filter.o(.text.GetAverage)
    HAL_DMA_Abort                            0x080013d1   Thumb Code    70  stm32f3xx_hal_dma.o(.text.HAL_DMA_Abort)
    HAL_DMA_Abort_IT                         0x08001419   Thumb Code    76  stm32f3xx_hal_dma.o(.text.HAL_DMA_Abort_IT)
    HAL_Delay                                0x08001465   Thumb Code    40  stm32f3xx_hal.o(.text.HAL_Delay)
    HAL_GPIO_Init                            0x0800148d   Thumb Code   442  stm32f3xx_hal_gpio.o(.text.HAL_GPIO_Init)
    HAL_GPIO_TogglePin                       0x08001649   Thumb Code    16  stm32f3xx_hal_gpio.o(.text.HAL_GPIO_TogglePin)
    HAL_GPIO_WritePin                        0x08001659   Thumb Code    12  stm32f3xx_hal_gpio.o(.text.HAL_GPIO_WritePin)
    HAL_GetTick                              0x08001665   Thumb Code    12  stm32f3xx_hal.o(.text.HAL_GetTick)
    HAL_IncTick                              0x08001671   Thumb Code    26  stm32f3xx_hal.o(.text.HAL_IncTick)
    HAL_Init                                 0x0800168d   Thumb Code    38  stm32f3xx_hal.o(.text.HAL_Init)
    HAL_InitTick                             0x080016b5   Thumb Code    72  stm32f3xx_hal.o(.text.HAL_InitTick)
    HAL_MspInit                              0x080016fd   Thumb Code    50  stm32f3xx_hal_msp.o(.text.HAL_MspInit)
    HAL_NVIC_EnableIRQ                       0x08001731   Thumb Code    34  stm32f3xx_hal_cortex.o(.text.HAL_NVIC_EnableIRQ)
    HAL_NVIC_SetPriority                     0x08001755   Thumb Code    86  stm32f3xx_hal_cortex.o(.text.HAL_NVIC_SetPriority)
    HAL_NVIC_SetPriorityGrouping             0x080017ad   Thumb Code    32  stm32f3xx_hal_cortex.o(.text.HAL_NVIC_SetPriorityGrouping)
    HAL_RCC_ClockConfig                      0x080017cd   Thumb Code   426  stm32f3xx_hal_rcc.o(.text.HAL_RCC_ClockConfig)
    HAL_RCC_GetPCLK1Freq                     0x08001979   Thumb Code    38  stm32f3xx_hal_rcc.o(.text.HAL_RCC_GetPCLK1Freq)
    HAL_RCC_GetSysClockFreq                  0x080019a1   Thumb Code   102  stm32f3xx_hal_rcc.o(.text.HAL_RCC_GetSysClockFreq)
    HAL_RCC_OscConfig                        0x08001a09   Thumb Code   924  stm32f3xx_hal_rcc.o(.text.HAL_RCC_OscConfig)
    HAL_SYSTICK_Config                       0x08001da5   Thumb Code    44  stm32f3xx_hal_cortex.o(.text.HAL_SYSTICK_Config)
    HAL_UARTEx_RxEventCallback               0x08001dd1   Thumb Code     2  stm32f3xx_hal_uart.o(.text.HAL_UARTEx_RxEventCallback)
    HAL_UARTEx_WakeupCallback                0x08001dd5   Thumb Code     2  stm32f3xx_hal_uart_ex.o(.text.HAL_UARTEx_WakeupCallback)
    HAL_UART_ErrorCallback                   0x08001dd9   Thumb Code     2  stm32f3xx_hal_uart.o(.text.HAL_UART_ErrorCallback)
    HAL_UART_IRQHandler                      0x08001ddd   Thumb Code  1500  stm32f3xx_hal_uart.o(.text.HAL_UART_IRQHandler)
    HAL_UART_Init                            0x080023b9   Thumb Code    94  stm32f3xx_hal_uart.o(.text.HAL_UART_Init)
    HAL_UART_MspInit                         0x08002419   Thumb Code   134  usart.o(.text.HAL_UART_MspInit)
    HAL_UART_Receive_IT                      0x080024a1   Thumb Code   154  stm32f3xx_hal_uart.o(.text.HAL_UART_Receive_IT)
    HAL_UART_RxCpltCallback                  0x0800253d   Thumb Code   124  usart.o(.text.HAL_UART_RxCpltCallback)
    HAL_UART_Transmit                        0x080025c1   Thumb Code   200  stm32f3xx_hal_uart.o(.text.HAL_UART_Transmit)
    HAL_UART_TxCpltCallback                  0x08002689   Thumb Code     2  stm32f3xx_hal_uart.o(.text.HAL_UART_TxCpltCallback)
    HardFault_Handler                        0x0800268d   Thumb Code     2  stm32f3xx_it.o(.text.HardFault_Handler)
    I2C1_Init                                0x08002691   Thumb Code   150  reg_i2c.o(.text.I2C1_Init)
    LED                                      0x08002729   Thumb Code    86  buckboost.o(.text.LED)
    MX_GPIO_Init                             0x08002781   Thumb Code   142  gpio.o(.text.MX_GPIO_Init)
    MX_USART3_UART_Init                      0x08002811   Thumb Code    64  usart.o(.text.MX_USART3_UART_Init)
    MemManage_Handler                        0x08002851   Thumb Code     2  stm32f3xx_it.o(.text.MemManage_Handler)
    NMI_Handler                              0x08002855   Thumb Code     2  stm32f3xx_it.o(.text.NMI_Handler)
    OLED_Display_Refresh                     0x08002859   Thumb Code   560  buckboost.o(.text.OLED_Display_Refresh)
    OLED_Display_Start                       0x08002a8d   Thumb Code   180  buckboost.o(.text.OLED_Display_Start)
    OLED_Fill                                0x08002b91   Thumb Code   360  oled_ssd1306.o(.text.OLED_Fill)
    OLED_Init                                0x08002cf9   Thumb Code   272  oled_ssd1306.o(.text.OLED_Init)
    OLED_ShowChar                            0x08002e09   Thumb Code   692  oled_ssd1306.o(.text.OLED_ShowChar)
    OLED_ShowNum                             0x080030bd   Thumb Code   262  oled_ssd1306.o(.text.OLED_ShowNum)
    OLED_ShowNum_0                           0x080031c5   Thumb Code   262  oled_ssd1306.o(.text.OLED_ShowNum_0)
    OLED_ShowStr                             0x080032cd   Thumb Code   156  oled_ssd1306.o(.text.OLED_ShowStr)
    OLED_Write_Byte                          0x08003369   Thumb Code   124  reg_i2c.o(.text.OLED_Write_Byte)
    PendSV_Handler                           0x080033e5   Thumb Code     2  stm32f3xx_it.o(.text.PendSV_Handler)
    Power_Calculate                          0x080033e9   Thumb Code   176  buckboost.o(.text.Power_Calculate)
    SVC_Handler                              0x080034a9   Thumb Code     2  stm32f3xx_it.o(.text.SVC_Handler)
    SysTick_Handler                          0x080034ad   Thumb Code     4  stm32f3xx_it.o(.text.SysTick_Handler)
    SystemInit                               0x080034b1   Thumb Code    18  system_stm32f3xx.o(.text.SystemInit)
    TIM6_DAC1_IRQHandler                     0x080034c5   Thumb Code    38  tim_reg.o(.text.TIM6_DAC1_IRQHandler)
    TIM6_Init                                0x080034ed   Thumb Code    84  tim_reg.o(.text.TIM6_Init)
    TIM7_DAC2_IRQHandler                     0x08003541   Thumb Code    84  tim_reg.o(.text.TIM7_DAC2_IRQHandler)
    TIM7_Init                                0x080035b5   Thumb Code    88  tim_reg.o(.text.TIM7_Init)
    UART_AdvFeatureConfig                    0x0800360d   Thumb Code   230  stm32f3xx_hal_uart.o(.text.UART_AdvFeatureConfig)
    UART_CheckIdleState                      0x080036f5   Thumb Code   360  stm32f3xx_hal_uart.o(.text.UART_CheckIdleState)
    UART_SetConfig                           0x08003bc1   Thumb Code   332  stm32f3xx_hal_uart.o(.text.UART_SetConfig)
    UART_Start_Receive_IT                    0x08003d1d   Thumb Code   362  stm32f3xx_hal_uart.o(.text.UART_Start_Receive_IT)
    UART_WaitOnFlagUntilTimeout              0x08003e89   Thumb Code   714  stm32f3xx_hal_uart.o(.text.UART_WaitOnFlagUntilTimeout)
    USART3_IRQHandler                        0x08004155   Thumb Code    12  stm32f3xx_it.o(.text.USART3_IRQHandler)
    UsageFault_Handler                       0x08004161   Thumb Code     2  stm32f3xx_it.o(.text.UsageFault_Handler)
    buckboost_init                           0x08004165   Thumb Code   224  buckboost.o(.text.buckboost_init)
    dr_pwm_init                              0x0800424d   Thumb Code   632  buckboost.o(.text.dr_pwm_init)
    fputc                                    0x080044c9   Thumb Code    32  usart.o(.text.fputc)
    main                                     0x080044e9   Thumb Code   428  main.o(.text.main)
    pid_calc                                 0x080046a5   Thumb Code   148  pid.o(.text.pid_calc)
    pid_clc                                  0x0800473d   Thumb Code    14  pid.o(.text.pid_clc)
    pid_init                                 0x0800474d   Thumb Code   136  pid.o(.text.pid_init)
    pid_reset                                0x080047d9   Thumb Code    34  pid.o(.text.pid_reset)
    power_start                              0x08004801   Thumb Code   624  buckboost.o(.text.power_start)
    pwm_update                               0x08004aad   Thumb Code   388  buckboost.o(.text.pwm_update)
    __0printf                                0x08004c3d   Thumb Code    22  printfa.o(i.__0printf)
    __1printf                                0x08004c3d   Thumb Code     0  printfa.o(i.__0printf)
    __2printf                                0x08004c3d   Thumb Code     0  printfa.o(i.__0printf)
    __c89printf                              0x08004c3d   Thumb Code     0  printfa.o(i.__0printf)
    printf                                   0x08004c3d   Thumb Code     0  printfa.o(i.__0printf)
    __scatterload_copy                       0x08004c5d   Thumb Code    14  handlers.o(i.__scatterload_copy)
    __scatterload_null                       0x08004c6b   Thumb Code     2  handlers.o(i.__scatterload_null)
    __scatterload_zeroinit                   0x08004c6d   Thumb Code    14  handlers.o(i.__scatterload_zeroinit)
    _is_digit                                0x08004e01   Thumb Code    14  scanf_fp.o(i._is_digit)
    __ctype_categories                       0x0800553e   Data          64  ctype_c.o(.constdata)
    AHBPrescTable                            0x0800557e   Data          16  system_stm32f3xx.o(.rodata.AHBPrescTable)
    APBPrescTable                            0x0800558e   Data           8  system_stm32f3xx.o(.rodata.APBPrescTable)
    F6X8                                     0x08005596   Data         552  font_en.o(.rodata.F6X8)
    F8X16                                    0x080057be   Data        1520  font_en.o(.rodata.F8X16)
    Region$$Table$$Base                      0x08005dd0   Number         0  anon$$obj.o(Region$$Table)
    Region$$Table$$Limit                     0x08005df0   Number         0  anon$$obj.o(Region$$Table)
    __stdout                                 0x20000000   Data           4  stdout.o(.data)
    uwTickFreq                               0x20000004   Data           1  stm32f3xx_hal.o(.data..L_MergedGlobals)
    uwTickPrio                               0x20000008   Data           4  stm32f3xx_hal.o(.data..L_MergedGlobals)
    SystemCoreClock                          0x2000000c   Data           4  system_stm32f3xx.o(.data.SystemCoreClock)
    pid_func                                 0x20000010   Data          16  pid.o(.data.pid_func)
    rx_index                                 0x20000020   Data           1  usart.o(.bss..L_MergedGlobals)
    rx_byte                                  0x20000021   Data           1  usart.o(.bss..L_MergedGlobals)
    uart_rx_buffer                           0x20000022   Data          64  usart.o(.bss..L_MergedGlobals)
    uart_tx_busy                             0x20000064   Data           1  buckboost.o(.bss..L_MergedGlobals)
    Init_Flag                                0x20000065   Data           1  buckboost.o(.bss..L_MergedGlobals)
    Curr_Direction                           0x20000066   Data           1  buckboost.o(.bss..L_MergedGlobals)
    Last_Curr_Direction                      0x20000067   Data           1  buckboost.o(.bss..L_MergedGlobals)
    Direction_Change_Flag                    0x20000068   Data           1  buckboost.o(.bss..L_MergedGlobals)
    DCDC_Mode                                0x20000069   Data           1  buckboost.o(.bss..L_MergedGlobals)
    Last_DCDC_Mode                           0x2000006a   Data           1  buckboost.o(.bss..L_MergedGlobals)
    Mode_Change_Flag                         0x2000006b   Data           1  buckboost.o(.bss..L_MergedGlobals)
    protect_flag                             0x2000006c   Data           1  buckboost.o(.bss..L_MergedGlobals)
    temp_vol                                 0x20000070   Data           4  buckboost.o(.bss..L_MergedGlobals)
    buff_1                                   0x20000074   Data           4  buckboost.o(.bss..L_MergedGlobals)
    buff_2                                   0x20000078   Data           4  buckboost.o(.bss..L_MergedGlobals)
    buff_3                                   0x2000007c   Data           4  buckboost.o(.bss..L_MergedGlobals)
    buff_4                                   0x20000080   Data           4  buckboost.o(.bss..L_MergedGlobals)
    buff_5                                   0x20000084   Data           4  buckboost.o(.bss..L_MergedGlobals)
    Referee_Vol                              0x20000088   Data           4  buckboost.o(.bss..L_MergedGlobals)
    Cap_Vol                                  0x2000008c   Data           4  buckboost.o(.bss..L_MergedGlobals)
    Referee_Curr                             0x20000090   Data           4  buckboost.o(.bss..L_MergedGlobals)
    Cap_Curr                                 0x20000094   Data           4  buckboost.o(.bss..L_MergedGlobals)
    Chassis_Curr                             0x20000098   Data           4  buckboost.o(.bss..L_MergedGlobals)
    Load_Power                               0x2000009c   Data           4  buckboost.o(.bss..L_MergedGlobals)
    Topu_Efficienty                          0x200000a0   Data           4  buckboost.o(.bss..L_MergedGlobals)
    Init_PWM_CMP                             0x200000a4   Data           4  buckboost.o(.bss..L_MergedGlobals)
    temp_CMP                                 0x200000a8   Data           4  buckboost.o(.bss..L_MergedGlobals)
    Referee_Power                            0x200000ac   Data           4  buckboost.o(.bss..L_MergedGlobals)
    Cap_Power                                0x200000b0   Data           4  buckboost.o(.bss..L_MergedGlobals)
    Topu_Power                               0x200000b4   Data           4  buckboost.o(.bss..L_MergedGlobals)
    PSM                                      0x200000b8   Data          28  buckboost.o(.bss..L_MergedGlobals)
    adc2_value                               0x200000d4   Data           2  adc_reg.o(.bss..L_MergedGlobals)
    adctest                                  0x200000d6   Data           2  adc_reg.o(.bss..L_MergedGlobals)
    Ccap_In_Loop                             0x200000d8   Data          68  buckboost.o(.bss.Ccap_In_Loop)
    Init_Cap_Vol                             0x20000120   Data           4  buckboost.o(.bss.Init_Cap_Vol)
    Init_Referee_Vol                         0x20000124   Data           4  buckboost.o(.bss.Init_Referee_Vol)
    Vcap_Loop                                0x20000128   Data          68  buckboost.o(.bss.Vcap_Loop)
    adc1_value                               0x2000016c   Data           8  adc_reg.o(.bss.adc1_value)
    huart3                                   0x20000174   Data         136  usart.o(.bss.huart3)
    sysclk_freq                              0x200001fc   Data           4  reg_i2c.o(.bss.sysclk_freq)
    temp_curr                                0x20000200   Data           4  buckboost.o(.bss.temp_curr)
    uwTick                                   0x20000204   Data           4  stm32f3xx_hal.o(.bss.uwTick)
    __initial_sp                             0x20000608   Data           0  startup_stm32f334x8.o(STACK)



==============================================================================

Memory Map of the image

  Image Entry point : 0x08000189

  Load Region LR_IROM1 (Base: 0x08000000, Size: 0x00005e10, Max: 0x00010000, ABSOLUTE)

    Execution Region ER_IROM1 (Exec base: 0x08000000, Load base: 0x08000000, Size: 0x00005df0, Max: 0x00010000, ABSOLUTE)

    Exec Addr    Load Addr    Size         Type   Attr      Idx    E Section Name        Object

    0x08000000   0x08000000   0x00000188   Data   RO            3    RESET               startup_stm32f334x8.o
    0x08000188   0x08000188   0x00000000   Code   RO          934  * .ARM.Collect$$$$00000000  mc_w.l(entry.o)
    0x08000188   0x08000188   0x00000004   Code   RO         1214    .ARM.Collect$$$$00000001  mc_w.l(entry2.o)
    0x0800018c   0x0800018c   0x00000004   Code   RO         1217    .ARM.Collect$$$$00000004  mc_w.l(entry5.o)
    0x08000190   0x08000190   0x00000000   Code   RO         1219    .ARM.Collect$$$$00000008  mc_w.l(entry7b.o)
    0x08000190   0x08000190   0x00000000   Code   RO         1221    .ARM.Collect$$$$0000000A  mc_w.l(entry8b.o)
    0x08000190   0x08000190   0x00000008   Code   RO         1222    .ARM.Collect$$$$0000000B  mc_w.l(entry9a.o)
    0x08000198   0x08000198   0x00000000   Code   RO         1224    .ARM.Collect$$$$0000000D  mc_w.l(entry10a.o)
    0x08000198   0x08000198   0x00000000   Code   RO         1226    .ARM.Collect$$$$0000000F  mc_w.l(entry11a.o)
    0x08000198   0x08000198   0x00000004   Code   RO         1215    .ARM.Collect$$$$00002712  mc_w.l(entry2.o)
    0x0800019c   0x0800019c   0x00000024   Code   RO            4    .text               startup_stm32f334x8.o
    0x080001c0   0x080001c0   0x00000038   Code   RO         1200    .text               mc_w.l(__0sscanf.o)
    0x080001f8   0x080001f8   0x00000360   Code   RO         1202    .text               mc_w.l(scanf_fp.o)
    0x08000558   0x08000558   0x0000014e   Code   RO         1206    .text               mf_w.l(dadd.o)
    0x080006a6   0x080006a6   0x00000036   Code   RO         1208    .text               mf_w.l(dcmpgt.o)
    0x080006dc   0x080006dc   0x00000026   Code   RO         1210    .text               mf_w.l(f2d.o)
    0x08000702   0x08000702   0x00000038   Code   RO         1212    .text               mf_w.l(d2f.o)
    0x0800073a   0x0800073a   0x0000002c   Code   RO         1238    .text               mc_w.l(uidiv.o)
    0x08000766   0x08000766   0x00000062   Code   RO         1240    .text               mc_w.l(uldiv.o)
    0x080007c8   0x080007c8   0x0000001e   Code   RO         1242    .text               mc_w.l(llshl.o)
    0x080007e6   0x080007e6   0x00000024   Code   RO         1244    .text               mc_w.l(llsshr.o)
    0x0800080a   0x0800080a   0x00000002   PAD
    0x0800080c   0x0800080c   0x00000028   Code   RO         1246    .text               mc_w.l(scanf_char.o)
    0x08000834   0x08000834   0x00000040   Code   RO         1248    .text               mc_w.l(_sgetc.o)
    0x08000874   0x08000874   0x00000000   Code   RO         1250    .text               mc_w.l(iusefp.o)
    0x08000874   0x08000874   0x0000006e   Code   RO         1251    .text               mf_w.l(fepilogue.o)
    0x080008e2   0x080008e2   0x000000ba   Code   RO         1253    .text               mf_w.l(depilogue.o)
    0x0800099c   0x0800099c   0x000000e4   Code   RO         1255    .text               mf_w.l(dmul.o)
    0x08000a80   0x08000a80   0x000000de   Code   RO         1257    .text               mf_w.l(ddiv.o)
    0x08000b5e   0x08000b5e   0x00000018   Code   RO         1259    .text               mf_w.l(dfltul.o)
    0x08000b76   0x08000b76   0x00000030   Code   RO         1261    .text               mf_w.l(dfixul.o)
    0x08000ba6   0x08000ba6   0x00000002   PAD
    0x08000ba8   0x08000ba8   0x00000030   Code   RO         1263    .text               mf_w.l(cdrcmple.o)
    0x08000bd8   0x08000bd8   0x00000030   Code   RO         1265    .text               mc_w.l(init.o)
    0x08000c08   0x08000c08   0x00000020   Code   RO         1267    .text               mc_w.l(llushr.o)
    0x08000c28   0x08000c28   0x0000000a   Code   RO         1269    .text               mc_w.l(isspace_c.o)
    0x08000c32   0x08000c32   0x00000002   PAD
    0x08000c34   0x08000c34   0x0000032c   Code   RO         1271    .text               mc_w.l(_scanf.o)
    0x08000f60   0x08000f60   0x00000028   Code   RO         1273    .text               mc_w.l(ctype_c.o)
    0x08000f88   0x08000f88   0x000001d4   Code   RO          853    .text.ADC1_DMA_Init  adc_reg.o
    0x0800115c   0x0800115c   0x0000016a   Code   RO          855    .text.ADC2_DMA_Init  adc_reg.o
    0x080012c6   0x080012c6   0x00000002   PAD
    0x080012c8   0x080012c8   0x00000002   Code   RO           61    .text.BusFault_Handler  stm32f3xx_it.o
    0x080012ca   0x080012ca   0x00000002   PAD
    0x080012cc   0x080012cc   0x00000002   Code   RO           67    .text.DebugMon_Handler  stm32f3xx_it.o
    0x080012ce   0x080012ce   0x00000002   PAD
    0x080012d0   0x080012d0   0x0000000a   Code   RO           15    .text.Error_Handler  main.o
    0x080012da   0x080012da   0x00000002   PAD
    0x080012dc   0x080012dc   0x000000f4   Code   RO          827    .text.GetAverage    filter.o
    0x080013d0   0x080013d0   0x00000046   Code   RO          397    .text.HAL_DMA_Abort  stm32f3xx_hal_dma.o
    0x08001416   0x08001416   0x00000002   PAD
    0x08001418   0x08001418   0x0000004c   Code   RO          399    .text.HAL_DMA_Abort_IT  stm32f3xx_hal_dma.o
    0x08001464   0x08001464   0x00000028   Code   RO          274    .text.HAL_Delay     stm32f3xx_hal.o
    0x0800148c   0x0800148c   0x000001ba   Code   RO          365    .text.HAL_GPIO_Init  stm32f3xx_hal_gpio.o
    0x08001646   0x08001646   0x00000002   PAD
    0x08001648   0x08001648   0x00000010   Code   RO          373    .text.HAL_GPIO_TogglePin  stm32f3xx_hal_gpio.o
    0x08001658   0x08001658   0x0000000c   Code   RO          371    .text.HAL_GPIO_WritePin  stm32f3xx_hal_gpio.o
    0x08001664   0x08001664   0x0000000c   Code   RO          266    .text.HAL_GetTick   stm32f3xx_hal.o
    0x08001670   0x08001670   0x0000001a   Code   RO          264    .text.HAL_IncTick   stm32f3xx_hal.o
    0x0800168a   0x0800168a   0x00000002   PAD
    0x0800168c   0x0800168c   0x00000026   Code   RO          254    .text.HAL_Init      stm32f3xx_hal.o
    0x080016b2   0x080016b2   0x00000002   PAD
    0x080016b4   0x080016b4   0x00000048   Code   RO          256    .text.HAL_InitTick  stm32f3xx_hal.o
    0x080016fc   0x080016fc   0x00000032   Code   RO           82    .text.HAL_MspInit   stm32f3xx_hal_msp.o
    0x0800172e   0x0800172e   0x00000002   PAD
    0x08001730   0x08001730   0x00000022   Code   RO          425    .text.HAL_NVIC_EnableIRQ  stm32f3xx_hal_cortex.o
    0x08001752   0x08001752   0x00000002   PAD
    0x08001754   0x08001754   0x00000056   Code   RO          423    .text.HAL_NVIC_SetPriority  stm32f3xx_hal_cortex.o
    0x080017aa   0x080017aa   0x00000002   PAD
    0x080017ac   0x080017ac   0x00000020   Code   RO          421    .text.HAL_NVIC_SetPriorityGrouping  stm32f3xx_hal_cortex.o
    0x080017cc   0x080017cc   0x000001aa   Code   RO          318    .text.HAL_RCC_ClockConfig  stm32f3xx_hal_rcc.o
    0x08001976   0x08001976   0x00000002   PAD
    0x08001978   0x08001978   0x00000026   Code   RO          330    .text.HAL_RCC_GetPCLK1Freq  stm32f3xx_hal_rcc.o
    0x0800199e   0x0800199e   0x00000002   PAD
    0x080019a0   0x080019a0   0x00000066   Code   RO          320    .text.HAL_RCC_GetSysClockFreq  stm32f3xx_hal_rcc.o
    0x08001a06   0x08001a06   0x00000002   PAD
    0x08001a08   0x08001a08   0x0000039c   Code   RO          316    .text.HAL_RCC_OscConfig  stm32f3xx_hal_rcc.o
    0x08001da4   0x08001da4   0x0000002c   Code   RO          433    .text.HAL_SYSTICK_Config  stm32f3xx_hal_cortex.o
    0x08001dd0   0x08001dd0   0x00000002   Code   RO          178    .text.HAL_UARTEx_RxEventCallback  stm32f3xx_hal_uart.o
    0x08001dd2   0x08001dd2   0x00000002   PAD
    0x08001dd4   0x08001dd4   0x00000002   Code   RO          228    .text.HAL_UARTEx_WakeupCallback  stm32f3xx_hal_uart_ex.o
    0x08001dd6   0x08001dd6   0x00000002   PAD
    0x08001dd8   0x08001dd8   0x00000002   Code   RO          176    .text.HAL_UART_ErrorCallback  stm32f3xx_hal_uart.o
    0x08001dda   0x08001dda   0x00000002   PAD
    0x08001ddc   0x08001ddc   0x000005dc   Code   RO          172    .text.HAL_UART_IRQHandler  stm32f3xx_hal_uart.o
    0x080023b8   0x080023b8   0x0000005e   Code   RO           92    .text.HAL_UART_Init  stm32f3xx_hal_uart.o
    0x08002416   0x08002416   0x00000002   PAD
    0x08002418   0x08002418   0x00000086   Code   RO           37    .text.HAL_UART_MspInit  usart.o
    0x0800249e   0x0800249e   0x00000002   PAD
    0x080024a0   0x080024a0   0x0000009a   Code   RO          124    .text.HAL_UART_Receive_IT  stm32f3xx_hal_uart.o
    0x0800253a   0x0800253a   0x00000002   PAD
    0x0800253c   0x0800253c   0x00000084   Code   RO           43    .text.HAL_UART_RxCpltCallback  usart.o
    0x080025c0   0x080025c0   0x000000c8   Code   RO          112    .text.HAL_UART_Transmit  stm32f3xx_hal_uart.o
    0x08002688   0x08002688   0x00000002   Code   RO          180    .text.HAL_UART_TxCpltCallback  stm32f3xx_hal_uart.o
    0x0800268a   0x0800268a   0x00000002   PAD
    0x0800268c   0x0800268c   0x00000002   Code   RO           57    .text.HardFault_Handler  stm32f3xx_it.o
    0x0800268e   0x0800268e   0x00000002   PAD
    0x08002690   0x08002690   0x00000096   Code   RO          890    .text.I2C1_Init     reg_i2c.o
    0x08002726   0x08002726   0x00000002   PAD
    0x08002728   0x08002728   0x00000056   Code   RO          791    .text.LED           buckboost.o
    0x0800277e   0x0800277e   0x00000002   PAD
    0x08002780   0x08002780   0x0000008e   Code   RO           26    .text.MX_GPIO_Init  gpio.o
    0x0800280e   0x0800280e   0x00000002   PAD
    0x08002810   0x08002810   0x00000040   Code   RO           35    .text.MX_USART3_UART_Init  usart.o
    0x08002850   0x08002850   0x00000002   Code   RO           59    .text.MemManage_Handler  stm32f3xx_it.o
    0x08002852   0x08002852   0x00000002   PAD
    0x08002854   0x08002854   0x00000002   Code   RO           55    .text.NMI_Handler   stm32f3xx_it.o
    0x08002856   0x08002856   0x00000002   PAD
    0x08002858   0x08002858   0x00000234   Code   RO          795    .text.OLED_Display_Refresh  buckboost.o
    0x08002a8c   0x08002a8c   0x00000104   Code   RO          793    .text.OLED_Display_Start  buckboost.o
    0x08002b90   0x08002b90   0x00000168   Code   RO          868    .text.OLED_Fill     oled_ssd1306.o
    0x08002cf8   0x08002cf8   0x00000110   Code   RO          870    .text.OLED_Init     oled_ssd1306.o
    0x08002e08   0x08002e08   0x000002b4   Code   RO          872    .text.OLED_ShowChar  oled_ssd1306.o
    0x080030bc   0x080030bc   0x00000106   Code   RO          878    .text.OLED_ShowNum  oled_ssd1306.o
    0x080031c2   0x080031c2   0x00000002   PAD
    0x080031c4   0x080031c4   0x00000106   Code   RO          880    .text.OLED_ShowNum_0  oled_ssd1306.o
    0x080032ca   0x080032ca   0x00000002   PAD
    0x080032cc   0x080032cc   0x0000009c   Code   RO          874    .text.OLED_ShowStr  oled_ssd1306.o
    0x08003368   0x08003368   0x0000007c   Code   RO          902    .text.OLED_Write_Byte  reg_i2c.o
    0x080033e4   0x080033e4   0x00000002   Code   RO           69    .text.PendSV_Handler  stm32f3xx_it.o
    0x080033e6   0x080033e6   0x00000002   PAD
    0x080033e8   0x080033e8   0x000000c0   Code   RO          789    .text.Power_Calculate  buckboost.o
    0x080034a8   0x080034a8   0x00000002   Code   RO           65    .text.SVC_Handler   stm32f3xx_it.o
    0x080034aa   0x080034aa   0x00000002   PAD
    0x080034ac   0x080034ac   0x00000004   Code   RO           71    .text.SysTick_Handler  stm32f3xx_it.o
    0x080034b0   0x080034b0   0x00000012   Code   RO          766    .text.SystemInit    system_stm32f3xx.o
    0x080034c2   0x080034c2   0x00000002   PAD
    0x080034c4   0x080034c4   0x00000026   Code   RO          922    .text.TIM6_DAC1_IRQHandler  tim_reg.o
    0x080034ea   0x080034ea   0x00000002   PAD
    0x080034ec   0x080034ec   0x00000054   Code   RO          920    .text.TIM6_Init     tim_reg.o
    0x08003540   0x08003540   0x00000074   Code   RO          926    .text.TIM7_DAC2_IRQHandler  tim_reg.o
    0x080035b4   0x080035b4   0x00000058   Code   RO          924    .text.TIM7_Init     tim_reg.o
    0x0800360c   0x0800360c   0x000000e6   Code   RO           98    .text.UART_AdvFeatureConfig  stm32f3xx_hal_uart.o
    0x080036f2   0x080036f2   0x00000002   PAD
    0x080036f4   0x080036f4   0x00000168   Code   RO          100    .text.UART_CheckIdleState  stm32f3xx_hal_uart.o
    0x0800385c   0x0800385c   0x00000010   Code   RO          174    .text.UART_DMAAbortOnError  stm32f3xx_hal_uart.o
    0x0800386c   0x0800386c   0x000001a6   Code   RO          210    .text.UART_RxISR_16BIT  stm32f3xx_hal_uart.o
    0x08003a12   0x08003a12   0x00000002   PAD
    0x08003a14   0x08003a14   0x000001aa   Code   RO          212    .text.UART_RxISR_8BIT  stm32f3xx_hal_uart.o
    0x08003bbe   0x08003bbe   0x00000002   PAD
    0x08003bc0   0x08003bc0   0x0000015c   Code   RO           96    .text.UART_SetConfig  stm32f3xx_hal_uart.o
    0x08003d1c   0x08003d1c   0x0000016a   Code   RO          126    .text.UART_Start_Receive_IT  stm32f3xx_hal_uart.o
    0x08003e86   0x08003e86   0x00000002   PAD
    0x08003e88   0x08003e88   0x000002ca   Code   RO          114    .text.UART_WaitOnFlagUntilTimeout  stm32f3xx_hal_uart.o
    0x08004152   0x08004152   0x00000002   PAD
    0x08004154   0x08004154   0x0000000c   Code   RO           73    .text.USART3_IRQHandler  stm32f3xx_it.o
    0x08004160   0x08004160   0x00000002   Code   RO           63    .text.UsageFault_Handler  stm32f3xx_it.o
    0x08004162   0x08004162   0x00000002   PAD
    0x08004164   0x08004164   0x000000e8   Code   RO          781    .text.buckboost_init  buckboost.o
    0x0800424c   0x0800424c   0x0000027c   Code   RO          801    .text.dr_pwm_init   buckboost.o
    0x080044c8   0x080044c8   0x00000020   Code   RO           41    .text.fputc         usart.o
    0x080044e8   0x080044e8   0x000001bc   Code   RO           11    .text.main          main.o
    0x080046a4   0x080046a4   0x00000098   Code   RO          843    .text.pid_calc      pid.o
    0x0800473c   0x0800473c   0x0000000e   Code   RO          841    .text.pid_clc       pid.o
    0x0800474a   0x0800474a   0x00000002   PAD
    0x0800474c   0x0800474c   0x0000008c   Code   RO          839    .text.pid_init      pid.o
    0x080047d8   0x080047d8   0x00000022   Code   RO          837    .text.pid_reset     pid.o
    0x080047fa   0x080047fa   0x00000006   PAD
    0x08004800   0x08004800   0x000002ac   Code   RO          787    .text.power_start   buckboost.o
    0x08004aac   0x08004aac   0x00000190   Code   RO          783    .text.pwm_update    buckboost.o
    0x08004c3c   0x08004c3c   0x00000020   Code   RO         1172    i.__0printf         mc_w.l(printfa.o)
    0x08004c5c   0x08004c5c   0x0000000e   Code   RO         1278    i.__scatterload_copy  mc_w.l(handlers.o)
    0x08004c6a   0x08004c6a   0x00000002   Code   RO         1279    i.__scatterload_null  mc_w.l(handlers.o)
    0x08004c6c   0x08004c6c   0x0000000e   Code   RO         1280    i.__scatterload_zeroinit  mc_w.l(handlers.o)
    0x08004c7a   0x08004c7a   0x00000002   PAD
    0x08004c7c   0x08004c7c   0x00000184   Code   RO         1179    i._fp_digits        mc_w.l(printfa.o)
    0x08004e00   0x08004e00   0x0000000e   Code   RO         1204    i._is_digit         mc_w.l(scanf_fp.o)
    0x08004e0e   0x08004e0e   0x00000002   PAD
    0x08004e10   0x08004e10   0x000006dc   Code   RO         1180    i._printf_core      mc_w.l(printfa.o)
    0x080054ec   0x080054ec   0x00000024   Code   RO         1181    i._printf_post_padding  mc_w.l(printfa.o)
    0x08005510   0x08005510   0x0000002e   Code   RO         1182    i._printf_pre_padding  mc_w.l(printfa.o)
    0x0800553e   0x0800553e   0x00000040   Data   RO         1274    .constdata          mc_w.l(ctype_c.o)
    0x0800557e   0x0800557e   0x00000010   Data   RO          771    .rodata.AHBPrescTable  system_stm32f3xx.o
    0x0800558e   0x0800558e   0x00000008   Data   RO          772    .rodata.APBPrescTable  system_stm32f3xx.o
    0x08005596   0x08005596   0x00000228   Data   RO          913    .rodata.F6X8        font_en.o
    0x080057be   0x080057be   0x000005f0   Data   RO          914    .rodata.F8X16       font_en.o
    0x08005dae   0x08005dae   0x00000020   Data   RO          342    .rodata.cst16       stm32f3xx_hal_rcc.o
    0x08005dce   0x08005dce   0x00000002   PAD
    0x08005dd0   0x08005dd0   0x00000020   Data   RO         1277    Region$$Table       anon$$obj.o


    Execution Region RW_IRAM2 (Exec base: 0x10000000, Load base: 0x08005e10, Size: 0x00000000, Max: 0x00001000, ABSOLUTE)

    **** No section assigned to this execution region ****


    Execution Region RW_IRAM1 (Exec base: 0x20000000, Load base: 0x08005df0, Size: 0x00000608, Max: 0x00003000, ABSOLUTE)

    Exec Addr    Load Addr    Size         Type   Attr      Idx    E Section Name        Object

    0x20000000   0x08005df0   0x00000004   Data   RW         1228    .data               mc_w.l(stdout.o)
    0x20000004   0x08005df4   0x00000008   Data   RW          305    .data..L_MergedGlobals  stm32f3xx_hal.o
    0x2000000c   0x08005dfc   0x00000004   Data   RW          770    .data.SystemCoreClock  system_stm32f3xx.o
    0x20000010   0x08005e00   0x00000010   Data   RW          845    .data.pid_func      pid.o
    0x20000020        -       0x00000042   Zero   RW           46    .bss..L_MergedGlobals  usart.o
    0x20000062   0x08005e10   0x00000002   PAD
    0x20000064        -       0x00000070   Zero   RW          818    .bss..L_MergedGlobals  buckboost.o
    0x200000d4        -       0x00000004   Zero   RW          860    .bss..L_MergedGlobals  adc_reg.o
    0x200000d8        -       0x00000044   Zero   RW          811    .bss.Ccap_In_Loop   buckboost.o
    0x2000011c        -       0x00000004   Zero   RW          829    .bss.GetAverage.buff  filter.o
    0x20000120        -       0x00000004   Zero   RW          815    .bss.Init_Cap_Vol   buckboost.o
    0x20000124        -       0x00000004   Zero   RW          814    .bss.Init_Referee_Vol  buckboost.o
    0x20000128        -       0x00000044   Zero   RW          810    .bss.Vcap_Loop      buckboost.o
    0x2000016c        -       0x00000008   Zero   RW          859    .bss.adc1_value     adc_reg.o
    0x20000174        -       0x00000088   Zero   RW           45    .bss.huart3         usart.o
    0x200001fc        -       0x00000004   Zero   RW          904    .bss.sysclk_freq    reg_i2c.o
    0x20000200        -       0x00000004   Zero   RW          816    .bss.temp_curr      buckboost.o
    0x20000204        -       0x00000004   Zero   RW          304    .bss.uwTick         stm32f3xx_hal.o
    0x20000208        -       0x00000400   Zero   RW            1    STACK               startup_stm32f334x8.o


==============================================================================

Image component sizes


      Code (inc. data)   RO Data    RW Data    ZI Data      Debug   Object Name

       830          0          0          0         12       2774   adc_reg.o
      3054        184          0          0        260      11820   buckboost.o
       244          4          0          0          4       1378   filter.o
         0          0       2072          0          0        426   font_en.o
       142          0          0          0          0       1764   gpio.o
       454         16          0          0          0       5133   main.o
      2004          0          0          0          0       6157   oled_ssd1306.o
       340          8          0         16          0       1458   pid.o
       274          0          0          0          4       3647   reg_i2c.o
        36          8        392          0       1024        848   startup_stm32f334x8.o
       188          0          0          8          4       6044   stm32f3xx_hal.o
       196          0          0          0          0       8602   stm32f3xx_hal_cortex.o
       146          0          0          0          0       7517   stm32f3xx_hal_dma.o
       470          0          0          0          0       4953   stm32f3xx_hal_gpio.o
        50          0          0          0          0       1009   stm32f3xx_hal_msp.o
      1490          0         32          0          0       7595   stm32f3xx_hal_rcc.o
      4832         40          0          0          0      34189   stm32f3xx_hal_uart.o
         2          0          0          0          0       8264   stm32f3xx_hal_uart_ex.o
        32          0          0          0          0       4147   stm32f3xx_it.o
        18          0         24          4          0       2297   system_stm32f3xx.o
       326         32          0          0          0       4498   tim_reg.o
       362          8          0          0        202       6976   usart.o

    ----------------------------------------------------------------------
     15576        300       2554         28       1512     131496   Object Totals
         0          0         32          0          0          0   (incl. Generated)
        86          0          2          0          2          0   (incl. Padding)

    ----------------------------------------------------------------------

      Code (inc. data)   RO Data    RW Data    ZI Data      Debug   Library Member Name

        56          8          0          0          0         84   __0sscanf.o
       812          4          0          0          0        112   _scanf.o
        64          0          0          0          0         84   _sgetc.o
        40          6         64          0          0         68   ctype_c.o
         0          0          0          0          0          0   entry.o
         0          0          0          0          0          0   entry10a.o
         0          0          0          0          0          0   entry11a.o
         8          4          0          0          0          0   entry2.o
         4          0          0          0          0          0   entry5.o
         0          0          0          0          0          0   entry7b.o
         0          0          0          0          0          0   entry8b.o
         8          4          0          0          0          0   entry9a.o
        30          0          0          0          0          0   handlers.o
        48         10          0          0          0         68   init.o
        10          0          0          0          0         68   isspace_c.o
         0          0          0          0          0          0   iusefp.o
        30          0          0          0          0         68   llshl.o
        36          0          0          0          0         68   llsshr.o
        32          0          0          0          0         68   llushr.o
      2258         90          0          0          0        452   printfa.o
        40          8          0          0          0         84   scanf_char.o
       878         12          0          0          0        216   scanf_fp.o
         0          0          0          4          0          0   stdout.o
        44          0          0          0          0         80   uidiv.o
        98          0          0          0          0         92   uldiv.o
        48          0          0          0          0         68   cdrcmple.o
        56          0          0          0          0         88   d2f.o
       334          0          0          0          0        148   dadd.o
        54          0          0          0          0         80   dcmpgt.o
       222          0          0          0          0        100   ddiv.o
       186          0          0          0          0        176   depilogue.o
        48          0          0          0          0         68   dfixul.o
        24          0          0          0          0         76   dfltul.o
       228          0          0          0          0         96   dmul.o
        38          0          0          0          0         68   f2d.o
       110          0          0          0          0        168   fepilogue.o

    ----------------------------------------------------------------------
      5854        146         64          4          0       2748   Library Totals
        10          0          0          0          0          0   (incl. Padding)

    ----------------------------------------------------------------------

      Code (inc. data)   RO Data    RW Data    ZI Data      Debug   Library Name

      4496        146         64          4          0       1612   mc_w.l
      1348          0          0          0          0       1136   mf_w.l

    ----------------------------------------------------------------------
      5854        146         64          4          0       2748   Library Totals

    ----------------------------------------------------------------------

==============================================================================


      Code (inc. data)   RO Data    RW Data    ZI Data      Debug   

     21430        446       2618         32       1512     132664   Grand Totals
     21430        446       2618         32       1512     132664   ELF Image Totals
     21430        446       2618         32          0          0   ROM Totals

==============================================================================

    Total RO  Size (Code + RO Data)                24048 (  23.48kB)
    Total RW  Size (RW Data + ZI Data)              1544 (   1.51kB)
    Total ROM Size (Code + RO Data + RW Data)      24080 (  23.52kB)

==============================================================================

